Archive member included to satisfy reference by file (symbol)

c:/program files (x86)/atmel/studio/7.0/toolchain/avr8/avr8-gnu-toolchain/bin/../lib/gcc/avr/5.4.0/../../../../avr/lib/avr5\libm.a(addsf3.o)
                              src/AHT21_controller/AHT21_controller.o (__subsf3)
c:/program files (x86)/atmel/studio/7.0/toolchain/avr8/avr8-gnu-toolchain/bin/../lib/gcc/avr/5.4.0/../../../../avr/lib/avr5\libm.a(addsf3x.o)
                              c:/program files (x86)/atmel/studio/7.0/toolchain/avr8/avr8-gnu-toolchain/bin/../lib/gcc/avr/5.4.0/../../../../avr/lib/avr5\libm.a(addsf3.o) (__addsf3x)
c:/program files (x86)/atmel/studio/7.0/toolchain/avr8/avr8-gnu-toolchain/bin/../lib/gcc/avr/5.4.0/../../../../avr/lib/avr5\libm.a(floatsisf.o)
                              src/AHT21_controller/AHT21_controller.o (__floatunsisf)
c:/program files (x86)/atmel/studio/7.0/toolchain/avr8/avr8-gnu-toolchain/bin/../lib/gcc/avr/5.4.0/../../../../avr/lib/avr5\libm.a(fp_inf.o)
                              c:/program files (x86)/atmel/studio/7.0/toolchain/avr8/avr8-gnu-toolchain/bin/../lib/gcc/avr/5.4.0/../../../../avr/lib/avr5\libm.a(addsf3x.o) (__fp_inf)
c:/program files (x86)/atmel/studio/7.0/toolchain/avr8/avr8-gnu-toolchain/bin/../lib/gcc/avr/5.4.0/../../../../avr/lib/avr5\libm.a(fp_nan.o)
                              c:/program files (x86)/atmel/studio/7.0/toolchain/avr8/avr8-gnu-toolchain/bin/../lib/gcc/avr/5.4.0/../../../../avr/lib/avr5\libm.a(addsf3x.o) (__fp_nan)
c:/program files (x86)/atmel/studio/7.0/toolchain/avr8/avr8-gnu-toolchain/bin/../lib/gcc/avr/5.4.0/../../../../avr/lib/avr5\libm.a(fp_pscA.o)
                              c:/program files (x86)/atmel/studio/7.0/toolchain/avr8/avr8-gnu-toolchain/bin/../lib/gcc/avr/5.4.0/../../../../avr/lib/avr5\libm.a(addsf3x.o) (__fp_pscA)
c:/program files (x86)/atmel/studio/7.0/toolchain/avr8/avr8-gnu-toolchain/bin/../lib/gcc/avr/5.4.0/../../../../avr/lib/avr5\libm.a(fp_pscB.o)
                              c:/program files (x86)/atmel/studio/7.0/toolchain/avr8/avr8-gnu-toolchain/bin/../lib/gcc/avr/5.4.0/../../../../avr/lib/avr5\libm.a(addsf3x.o) (__fp_pscB)
c:/program files (x86)/atmel/studio/7.0/toolchain/avr8/avr8-gnu-toolchain/bin/../lib/gcc/avr/5.4.0/../../../../avr/lib/avr5\libm.a(fp_round.o)
                              c:/program files (x86)/atmel/studio/7.0/toolchain/avr8/avr8-gnu-toolchain/bin/../lib/gcc/avr/5.4.0/../../../../avr/lib/avr5\libm.a(addsf3.o) (__fp_round)
c:/program files (x86)/atmel/studio/7.0/toolchain/avr8/avr8-gnu-toolchain/bin/../lib/gcc/avr/5.4.0/../../../../avr/lib/avr5\libm.a(fp_split3.o)
                              c:/program files (x86)/atmel/studio/7.0/toolchain/avr8/avr8-gnu-toolchain/bin/../lib/gcc/avr/5.4.0/../../../../avr/lib/avr5\libm.a(addsf3x.o) (__fp_split3)
c:/program files (x86)/atmel/studio/7.0/toolchain/avr8/avr8-gnu-toolchain/bin/../lib/gcc/avr/5.4.0/../../../../avr/lib/avr5\libm.a(fp_zero.o)
                              c:/program files (x86)/atmel/studio/7.0/toolchain/avr8/avr8-gnu-toolchain/bin/../lib/gcc/avr/5.4.0/../../../../avr/lib/avr5\libm.a(addsf3x.o) (__fp_zero)
c:/program files (x86)/atmel/studio/7.0/toolchain/avr8/avr8-gnu-toolchain/bin/../lib/gcc/avr/5.4.0/../../../../avr/lib/avr5\libm.a(mulsf3.o)
                              src/AHT21_controller/AHT21_controller.o (__mulsf3)
c:/program files (x86)/atmel/studio/7.0/toolchain/avr8/avr8-gnu-toolchain/bin/../lib/gcc/avr/5.4.0/../../../../avr/lib/avr5\libm.a(mulsf3x.o)
                              c:/program files (x86)/atmel/studio/7.0/toolchain/avr8/avr8-gnu-toolchain/bin/../lib/gcc/avr/5.4.0/../../../../avr/lib/avr5\libm.a(mulsf3.o) (__mulsf3x)
c:/program files (x86)/atmel/studio/7.0/toolchain/avr8/avr8-gnu-toolchain/bin/../lib/gcc/avr/5.4.0/../../../../avr/lib/avr5\libprintf_flt.a(vfprintf_flt.o)
                              (vfprintf)
c:/program files (x86)/atmel/studio/7.0/toolchain/avr8/avr8-gnu-toolchain/bin/../lib/gcc/avr/5.4.0/avr5\libgcc.a(_exit.o)
                              C:/Program Files (x86)/Atmel/Studio/7.0/Packs/atmel/ATmega_DFP/1.7.374/gcc/dev/atmega328p/avr5/crtatmega328p.o (exit)
c:/program files (x86)/atmel/studio/7.0/toolchain/avr8/avr8-gnu-toolchain/bin/../lib/gcc/avr/5.4.0/avr5\libgcc.a(_copy_data.o)
                              freertos/tasks.o (__do_copy_data)
c:/program files (x86)/atmel/studio/7.0/toolchain/avr8/avr8-gnu-toolchain/bin/../lib/gcc/avr/5.4.0/avr5\libgcc.a(_clear_bss.o)
                              freertos/croutine.o (__do_clear_bss)
c:/program files (x86)/atmel/studio/7.0/toolchain/avr8/avr8-gnu-toolchain/bin/../lib/gcc/avr/5.4.0/avr5\libgcc.a(_prologue.o)
                              c:/program files (x86)/atmel/studio/7.0/toolchain/avr8/avr8-gnu-toolchain/bin/../lib/gcc/avr/5.4.0/../../../../avr/lib/avr5\libprintf_flt.a(vfprintf_flt.o) (__prologue_saves__)
c:/program files (x86)/atmel/studio/7.0/toolchain/avr8/avr8-gnu-toolchain/bin/../lib/gcc/avr/5.4.0/avr5\libgcc.a(_epilogue.o)
                              c:/program files (x86)/atmel/studio/7.0/toolchain/avr8/avr8-gnu-toolchain/bin/../lib/gcc/avr/5.4.0/../../../../avr/lib/avr5\libprintf_flt.a(vfprintf_flt.o) (__epilogue_restores__)
c:/program files (x86)/atmel/studio/7.0/toolchain/avr8/avr8-gnu-toolchain/bin/../lib/gcc/avr/5.4.0/../../../../avr/lib/avr5\libc.a(ftoa_engine.o)
                              c:/program files (x86)/atmel/studio/7.0/toolchain/avr8/avr8-gnu-toolchain/bin/../lib/gcc/avr/5.4.0/../../../../avr/lib/avr5\libprintf_flt.a(vfprintf_flt.o) (__ftoa_engine)
c:/program files (x86)/atmel/studio/7.0/toolchain/avr8/avr8-gnu-toolchain/bin/../lib/gcc/avr/5.4.0/../../../../avr/lib/avr5\libc.a(strnlen_P.o)
                              c:/program files (x86)/atmel/studio/7.0/toolchain/avr8/avr8-gnu-toolchain/bin/../lib/gcc/avr/5.4.0/../../../../avr/lib/avr5\libprintf_flt.a(vfprintf_flt.o) (strnlen_P)
c:/program files (x86)/atmel/studio/7.0/toolchain/avr8/avr8-gnu-toolchain/bin/../lib/gcc/avr/5.4.0/../../../../avr/lib/avr5\libc.a(memcpy.o)
                              freertos/queue.o (memcpy)
c:/program files (x86)/atmel/studio/7.0/toolchain/avr8/avr8-gnu-toolchain/bin/../lib/gcc/avr/5.4.0/../../../../avr/lib/avr5\libc.a(strncpy.o)
                              tasks/display/display.o (strncpy)
c:/program files (x86)/atmel/studio/7.0/toolchain/avr8/avr8-gnu-toolchain/bin/../lib/gcc/avr/5.4.0/../../../../avr/lib/avr5\libc.a(strnlen.o)
                              c:/program files (x86)/atmel/studio/7.0/toolchain/avr8/avr8-gnu-toolchain/bin/../lib/gcc/avr/5.4.0/../../../../avr/lib/avr5\libprintf_flt.a(vfprintf_flt.o) (strnlen)
c:/program files (x86)/atmel/studio/7.0/toolchain/avr8/avr8-gnu-toolchain/bin/../lib/gcc/avr/5.4.0/../../../../avr/lib/avr5\libc.a(fputc.o)
                              c:/program files (x86)/atmel/studio/7.0/toolchain/avr8/avr8-gnu-toolchain/bin/../lib/gcc/avr/5.4.0/../../../../avr/lib/avr5\libprintf_flt.a(vfprintf_flt.o) (fputc)
c:/program files (x86)/atmel/studio/7.0/toolchain/avr8/avr8-gnu-toolchain/bin/../lib/gcc/avr/5.4.0/../../../../avr/lib/avr5\libc.a(sprintf.o)
                              src/AHT21_controller/AHT21_controller.o (sprintf)
c:/program files (x86)/atmel/studio/7.0/toolchain/avr8/avr8-gnu-toolchain/bin/../lib/gcc/avr/5.4.0/../../../../avr/lib/avr5\libc.a(ultoa_invert.o)
                              c:/program files (x86)/atmel/studio/7.0/toolchain/avr8/avr8-gnu-toolchain/bin/../lib/gcc/avr/5.4.0/../../../../avr/lib/avr5\libprintf_flt.a(vfprintf_flt.o) (__ultoa_invert)

Allocating common symbols
Common symbol       size              file

powerOnReset        0x1               main.o

Discarded input sections

 .data          0x00000000        0x0 C:/Program Files (x86)/Atmel/Studio/7.0/Packs/atmel/ATmega_DFP/1.7.374/gcc/dev/atmega328p/avr5/crtatmega328p.o
 .bss           0x00000000        0x0 C:/Program Files (x86)/Atmel/Studio/7.0/Packs/atmel/ATmega_DFP/1.7.374/gcc/dev/atmega328p/avr5/crtatmega328p.o
 .text          0x00000000        0x0 freertos/croutine.o
 .data          0x00000000        0x0 freertos/croutine.o
 .bss           0x00000000        0x0 freertos/croutine.o
 .text.prvInitialiseCoRoutineLists
                0x00000000       0x5e freertos/croutine.o
 .text.prvCheckPendingReadyList
                0x00000000       0x6c freertos/croutine.o
 .text.prvCheckDelayedList
                0x00000000      0x106 freertos/croutine.o
 .text.xCoRoutineCreate
                0x00000000       0xba freertos/croutine.o
 .text.vCoRoutineAddToDelayedList
                0x00000000       0x86 freertos/croutine.o
 .text.vCoRoutineSchedule
                0x00000000       0xb0 freertos/croutine.o
 .text.xCoRoutineRemoveFromEventList
                0x00000000       0x4c freertos/croutine.o
 .bss.xPassedTicks
                0x00000000        0x2 freertos/croutine.o
 .bss.xLastTickCount
                0x00000000        0x2 freertos/croutine.o
 .bss.xCoRoutineTickCount
                0x00000000        0x2 freertos/croutine.o
 .bss.uxTopCoRoutineReadyPriority
                0x00000000        0x1 freertos/croutine.o
 .bss.pxCurrentCoRoutine
                0x00000000        0x2 freertos/croutine.o
 .bss.xPendingReadyCoRoutineList
                0x00000000        0x9 freertos/croutine.o
 .bss.pxOverflowDelayedCoRoutineList
                0x00000000        0x2 freertos/croutine.o
 .bss.pxDelayedCoRoutineList
                0x00000000        0x2 freertos/croutine.o
 .bss.xDelayedCoRoutineList2
                0x00000000        0x9 freertos/croutine.o
 .bss.xDelayedCoRoutineList1
                0x00000000        0x9 freertos/croutine.o
 .bss.pxReadyCoRoutineLists
                0x00000000       0x12 freertos/croutine.o
 .debug_info    0x00000000      0x725 freertos/croutine.o
 .debug_abbrev  0x00000000      0x1fe freertos/croutine.o
 .debug_loc     0x00000000      0x3f0 freertos/croutine.o
 .debug_aranges
                0x00000000       0x50 freertos/croutine.o
 .debug_ranges  0x00000000       0x40 freertos/croutine.o
 .debug_line    0x00000000      0x3e3 freertos/croutine.o
 .debug_str     0x00000000      0x545 freertos/croutine.o
 .comment       0x00000000       0x31 freertos/croutine.o
 .debug_frame   0x00000000      0x100 freertos/croutine.o
 .text          0x00000000        0x0 freertos/event_groups.o
 .data          0x00000000        0x0 freertos/event_groups.o
 .bss           0x00000000        0x0 freertos/event_groups.o
 .text.prvTestWaitCondition
                0x00000000       0x26 freertos/event_groups.o
 .text.xEventGroupCreate
                0x00000000       0x26 freertos/event_groups.o
 .text.xEventGroupWaitBits
                0x00000000       0xe4 freertos/event_groups.o
 .text.xEventGroupClearBits
                0x00000000       0x1e freertos/event_groups.o
 .text.xEventGroupGetBitsFromISR
                0x00000000        0x8 freertos/event_groups.o
 .text.xEventGroupSetBits
                0x00000000       0xc8 freertos/event_groups.o
 .text.xEventGroupSync
                0x00000000       0xd6 freertos/event_groups.o
 .text.vEventGroupDelete
                0x00000000       0x2e freertos/event_groups.o
 .text.vEventGroupSetBitsCallback
                0x00000000        0x8 freertos/event_groups.o
 .text.vEventGroupClearBitsCallback
                0x00000000        0x8 freertos/event_groups.o
 .debug_info    0x00000000      0x8c1 freertos/event_groups.o
 .debug_abbrev  0x00000000      0x1d5 freertos/event_groups.o
 .debug_loc     0x00000000      0xb21 freertos/event_groups.o
 .debug_aranges
                0x00000000       0x68 freertos/event_groups.o
 .debug_ranges  0x00000000       0x70 freertos/event_groups.o
 .debug_line    0x00000000      0x43a freertos/event_groups.o
 .debug_str     0x00000000      0x595 freertos/event_groups.o
 .comment       0x00000000       0x31 freertos/event_groups.o
 .debug_frame   0x00000000      0x15c freertos/event_groups.o
 .text          0x00000000        0x0 freertos/list.o
 .data          0x00000000        0x0 freertos/list.o
 .bss           0x00000000        0x0 freertos/list.o
 .text          0x00000000        0x0 freertos/portable/GCC/ATMega328/port.o
 .data          0x00000000        0x0 freertos/portable/GCC/ATMega328/port.o
 .bss           0x00000000        0x0 freertos/portable/GCC/ATMega328/port.o
 .text.vPortEndScheduler
                0x00000000        0x2 freertos/portable/GCC/ATMega328/port.o
 .text          0x00000000        0x0 freertos/portable/MemMang/heap_1.o
 .data          0x00000000        0x0 freertos/portable/MemMang/heap_1.o
 .bss           0x00000000        0x0 freertos/portable/MemMang/heap_1.o
 .text.vPortInitialiseBlocks
                0x00000000        0xa freertos/portable/MemMang/heap_1.o
 .text.xPortGetFreeHeapSize
                0x00000000       0x12 freertos/portable/MemMang/heap_1.o
 .text          0x00000000        0x0 freertos/queue.o
 .data          0x00000000        0x0 freertos/queue.o
 .bss           0x00000000        0x0 freertos/queue.o
 .text.xQueueGenericSendFromISR
                0x00000000       0x70 freertos/queue.o
 .text.xQueueGiveFromISR
                0x00000000       0x56 freertos/queue.o
 .text.xQueueReceiveFromISR
                0x00000000       0x66 freertos/queue.o
 .text.xQueuePeekFromISR
                0x00000000       0x2e freertos/queue.o
 .text.uxQueueMessagesWaiting
                0x00000000       0x10 freertos/queue.o
 .text.uxQueueSpacesAvailable
                0x00000000       0x16 freertos/queue.o
 .text.uxQueueMessagesWaitingFromISR
                0x00000000        0x6 freertos/queue.o
 .text.vQueueDelete
                0x00000000        0x6 freertos/queue.o
 .text.xQueueIsQueueEmptyFromISR
                0x00000000       0x10 freertos/queue.o
 .text.xQueueIsQueueFullFromISR
                0x00000000       0x12 freertos/queue.o
 .text          0x00000000        0x0 freertos/tasks.o
 .data          0x00000000        0x0 freertos/tasks.o
 .bss           0x00000000        0x0 freertos/tasks.o
 .text.vTaskDelete
                0x00000000       0x92 freertos/tasks.o
 .text.uxTaskPriorityGet
                0x00000000       0x1c freertos/tasks.o
 .text.uxTaskPriorityGetFromISR
                0x00000000       0x12 freertos/tasks.o
 .text.vTaskEndScheduler
                0x00000000        0xc freertos/tasks.o
 .text.xTaskGetTickCount
                0x00000000       0x14 freertos/tasks.o
 .text.xTaskGetTickCountFromISR
                0x00000000        0xa freertos/tasks.o
 .text.uxTaskGetNumberOfTasks
                0x00000000        0x6 freertos/tasks.o
 .text.vTaskDelayUntil
                0x00000000       0x8e freertos/tasks.o
 .text.vTaskPlaceOnUnorderedEventList
                0x00000000       0x4c freertos/tasks.o
 .text.xTaskRemoveFromUnorderedEventList
                0x00000000       0x78 freertos/tasks.o
 .text.xTaskGetCurrentTaskHandle
                0x00000000        0xa freertos/tasks.o
 .text.uxTaskResetEventItemValue
                0x00000000       0x2e freertos/tasks.o
 .text.ulTaskNotifyTake
                0x00000000       0xce freertos/tasks.o
 .text.xTaskNotifyWait
                0x00000000      0x11e freertos/tasks.o
 .text.xTaskNotify
                0x00000000       0xf2 freertos/tasks.o
 .text.xTaskNotifyFromISR
                0x00000000      0x110 freertos/tasks.o
 .text.vTaskNotifyGiveFromISR
                0x00000000       0xae freertos/tasks.o
 .text          0x00000000        0x0 freertos/timers.o
 .data          0x00000000        0x0 freertos/timers.o
 .bss           0x00000000        0x0 freertos/timers.o
 .debug_info    0x00000000       0x64 freertos/timers.o
 .debug_abbrev  0x00000000       0x26 freertos/timers.o
 .debug_aranges
                0x00000000       0x18 freertos/timers.o
 .debug_line    0x00000000       0x1a freertos/timers.o
 .debug_str     0x00000000      0x179 freertos/timers.o
 .comment       0x00000000       0x31 freertos/timers.o
 .text          0x00000000        0x0 main.o
 .data          0x00000000        0x0 main.o
 .bss           0x00000000        0x0 main.o
 .text          0x00000000        0x0 mcc/src/config_bits.o
 .data          0x00000000        0x0 mcc/src/config_bits.o
 .bss           0x00000000        0x0 mcc/src/config_bits.o
 .text          0x00000000        0x0 mcc/src/cpu.o
 .data          0x00000000        0x0 mcc/src/cpu.o
 .bss           0x00000000        0x0 mcc/src/cpu.o
 .text.CPU_Initialize
                0x00000000        0xe mcc/src/cpu.o
 .text.CPU_EnableSleep
                0x00000000        0x8 mcc/src/cpu.o
 .text.CPU_DisableSleep
                0x00000000        0x8 mcc/src/cpu.o
 .text.CPU_SetSleepMode
                0x00000000        0xa mcc/src/cpu.o
 .text.CPU_EnableLowPower
                0x00000000        0x8 mcc/src/cpu.o
 .debug_info    0x00000000       0xef mcc/src/cpu.o
 .debug_abbrev  0x00000000       0x7a mcc/src/cpu.o
 .debug_loc     0x00000000       0x21 mcc/src/cpu.o
 .debug_aranges
                0x00000000       0x40 mcc/src/cpu.o
 .debug_ranges  0x00000000       0x30 mcc/src/cpu.o
 .debug_line    0x00000000      0x111 mcc/src/cpu.o
 .debug_str     0x00000000      0x1c8 mcc/src/cpu.o
 .comment       0x00000000       0x31 mcc/src/cpu.o
 .debug_frame   0x00000000       0x64 mcc/src/cpu.o
 .text          0x00000000        0x0 mcc/src/cpuint.o
 .data          0x00000000        0x0 mcc/src/cpuint.o
 .bss           0x00000000        0x0 mcc/src/cpuint.o
 .text.CPUINT_Initialize
                0x00000000        0x8 mcc/src/cpuint.o
 .debug_info    0x00000000       0x92 mcc/src/cpuint.o
 .debug_abbrev  0x00000000       0x53 mcc/src/cpuint.o
 .debug_aranges
                0x00000000       0x20 mcc/src/cpuint.o
 .debug_ranges  0x00000000       0x10 mcc/src/cpuint.o
 .debug_line    0x00000000       0xb5 mcc/src/cpuint.o
 .debug_str     0x00000000      0x18b mcc/src/cpuint.o
 .comment       0x00000000       0x31 mcc/src/cpuint.o
 .debug_frame   0x00000000       0x24 mcc/src/cpuint.o
 .text          0x00000000        0x0 mcc/src/pins.o
 .data          0x00000000        0x0 mcc/src/pins.o
 .bss           0x00000000        0x0 mcc/src/pins.o
 .text          0x00000000        0x0 mcc/src/protected_io.o
 .data          0x00000000        0x0 mcc/src/protected_io.o
 .bss           0x00000000        0x0 mcc/src/protected_io.o
 .text.protected_write_io
                0x00000000        0x8 mcc/src/protected_io.o
 .debug_line    0x00000000       0x59 mcc/src/protected_io.o
 .debug_info    0x00000000       0x84 mcc/src/protected_io.o
 .debug_abbrev  0x00000000       0x14 mcc/src/protected_io.o
 .debug_aranges
                0x00000000       0x20 mcc/src/protected_io.o
 .text          0x00000000        0x0 mcc/src/system.o
 .data          0x00000000        0x0 mcc/src/system.o
 .bss           0x00000000        0x0 mcc/src/system.o
 .text          0x00000000        0x0 mcc/src/twi.o
 .data          0x00000000        0x0 mcc/src/twi.o
 .bss           0x00000000        0x0 mcc/src/twi.o
 .text.TWI_DefaultCallback
                0x00000000        0x2 mcc/src/twi.o
 .text          0x00000000        0x0 src/AHT21_controller/AHT21_controller.o
 .data          0x00000000        0x0 src/AHT21_controller/AHT21_controller.o
 .bss           0x00000000        0x0 src/AHT21_controller/AHT21_controller.o
 .text          0x00000000        0x0 src/LCD_controller/LCD_controller.o
 .data          0x00000000        0x0 src/LCD_controller/LCD_controller.o
 .bss           0x00000000        0x0 src/LCD_controller/LCD_controller.o
 .text.prep_disp_return_data
                0x00000000        0x8 src/LCD_controller/LCD_controller.o
 .text.prep_cursor_shift_data
                0x00000000       0x12 src/LCD_controller/LCD_controller.o
 .text          0x00000000        0x0 src/twi_interface/mcc_twi_interface.o
 .data          0x00000000        0x0 src/twi_interface/mcc_twi_interface.o
 .bss           0x00000000        0x0 src/twi_interface/mcc_twi_interface.o
 .text.twi_writeread
                0x00000000       0x4c src/twi_interface/mcc_twi_interface.o
 .text          0x00000000        0x0 tasks/app/app.o
 .data          0x00000000        0x0 tasks/app/app.o
 .bss           0x00000000        0x0 tasks/app/app.o
 .debug_line    0x00000000        0x0 tasks/app/app.o
 .debug_str     0x00000000      0x102 tasks/app/app.o
 .comment       0x00000000       0x31 tasks/app/app.o
 .text          0x00000000        0x0 tasks/display/display.o
 .data          0x00000000        0x0 tasks/display/display.o
 .bss           0x00000000        0x0 tasks/display/display.o
 .text          0x00000000        0x0 tasks/display/menu_structs.o
 .data          0x00000000        0x0 tasks/display/menu_structs.o
 .bss           0x00000000        0x0 tasks/display/menu_structs.o
 .text.setFunction
                0x00000000        0xc tasks/display/menu_structs.o
 .text.setLoopPrev
                0x00000000        0x8 tasks/display/menu_structs.o
 .text.setLoopNext
                0x00000000        0xc tasks/display/menu_structs.o
 .text.gotoNext
                0x00000000       0x1e tasks/display/menu_structs.o
 .text.gotoPrev
                0x00000000       0x1a tasks/display/menu_structs.o
 .text.triggerFunction
                0x00000000       0x24 tasks/display/menu_structs.o
 .text          0x00000000        0x0 tasks/eeprom/eeprom.o
 .data          0x00000000        0x0 tasks/eeprom/eeprom.o
 .bss           0x00000000        0x0 tasks/eeprom/eeprom.o
 .debug_line    0x00000000        0x0 tasks/eeprom/eeprom.o
 .debug_str     0x00000000      0x108 tasks/eeprom/eeprom.o
 .comment       0x00000000       0x31 tasks/eeprom/eeprom.o
 .text          0x00000000        0x0 tasks/idle/idle.o
 .data          0x00000000        0x0 tasks/idle/idle.o
 .bss           0x00000000        0x0 tasks/idle/idle.o
 .text          0x00000000        0x0 tasks/input/input.o
 .data          0x00000000        0x0 tasks/input/input.o
 .bss           0x00000000        0x0 tasks/input/input.o
 .text.inputTaskArgsInit
                0x00000000       0x46 tasks/input/input.o
 .text.inputTask
                0x00000000       0xa0 tasks/input/input.o
 .bss.myAHTObj.2304
                0x00000000       0x2a tasks/input/input.o
 .debug_info    0x00000000      0x3eb tasks/input/input.o
 .debug_abbrev  0x00000000      0x140 tasks/input/input.o
 .debug_loc     0x00000000       0x8d tasks/input/input.o
 .debug_aranges
                0x00000000       0x28 tasks/input/input.o
 .debug_ranges  0x00000000       0x18 tasks/input/input.o
 .debug_line    0x00000000      0x1b1 tasks/input/input.o
 .debug_str     0x00000000      0x32a tasks/input/input.o
 .comment       0x00000000       0x31 tasks/input/input.o
 .debug_frame   0x00000000       0x40 tasks/input/input.o
 .text          0x00000000        0x0 tasks/IoT/IoT.o
 .data          0x00000000        0x0 tasks/IoT/IoT.o
 .bss           0x00000000        0x0 tasks/IoT/IoT.o
 .debug_line    0x00000000        0x0 tasks/IoT/IoT.o
 .debug_str     0x00000000      0x102 tasks/IoT/IoT.o
 .comment       0x00000000       0x31 tasks/IoT/IoT.o
 .text          0x00000000        0x0 tasks/output/output.o
 .data          0x00000000        0x0 tasks/output/output.o
 .bss           0x00000000        0x0 tasks/output/output.o
 .debug_line    0x00000000        0x0 tasks/output/output.o
 .debug_str     0x00000000      0x108 tasks/output/output.o
 .comment       0x00000000       0x31 tasks/output/output.o
 .text          0x00000000        0x0 c:/program files (x86)/atmel/studio/7.0/toolchain/avr8/avr8-gnu-toolchain/bin/../lib/gcc/avr/5.4.0/../../../../avr/lib/avr5\libm.a(addsf3.o)
 .data          0x00000000        0x0 c:/program files (x86)/atmel/studio/7.0/toolchain/avr8/avr8-gnu-toolchain/bin/../lib/gcc/avr/5.4.0/../../../../avr/lib/avr5\libm.a(addsf3.o)
 .bss           0x00000000        0x0 c:/program files (x86)/atmel/studio/7.0/toolchain/avr8/avr8-gnu-toolchain/bin/../lib/gcc/avr/5.4.0/../../../../avr/lib/avr5\libm.a(addsf3.o)
 .text          0x00000000        0x0 c:/program files (x86)/atmel/studio/7.0/toolchain/avr8/avr8-gnu-toolchain/bin/../lib/gcc/avr/5.4.0/../../../../avr/lib/avr5\libm.a(addsf3x.o)
 .data          0x00000000        0x0 c:/program files (x86)/atmel/studio/7.0/toolchain/avr8/avr8-gnu-toolchain/bin/../lib/gcc/avr/5.4.0/../../../../avr/lib/avr5\libm.a(addsf3x.o)
 .bss           0x00000000        0x0 c:/program files (x86)/atmel/studio/7.0/toolchain/avr8/avr8-gnu-toolchain/bin/../lib/gcc/avr/5.4.0/../../../../avr/lib/avr5\libm.a(addsf3x.o)
 .text          0x00000000        0x0 c:/program files (x86)/atmel/studio/7.0/toolchain/avr8/avr8-gnu-toolchain/bin/../lib/gcc/avr/5.4.0/../../../../avr/lib/avr5\libm.a(floatsisf.o)
 .data          0x00000000        0x0 c:/program files (x86)/atmel/studio/7.0/toolchain/avr8/avr8-gnu-toolchain/bin/../lib/gcc/avr/5.4.0/../../../../avr/lib/avr5\libm.a(floatsisf.o)
 .bss           0x00000000        0x0 c:/program files (x86)/atmel/studio/7.0/toolchain/avr8/avr8-gnu-toolchain/bin/../lib/gcc/avr/5.4.0/../../../../avr/lib/avr5\libm.a(floatsisf.o)
 .text          0x00000000        0x0 c:/program files (x86)/atmel/studio/7.0/toolchain/avr8/avr8-gnu-toolchain/bin/../lib/gcc/avr/5.4.0/../../../../avr/lib/avr5\libm.a(fp_inf.o)
 .data          0x00000000        0x0 c:/program files (x86)/atmel/studio/7.0/toolchain/avr8/avr8-gnu-toolchain/bin/../lib/gcc/avr/5.4.0/../../../../avr/lib/avr5\libm.a(fp_inf.o)
 .bss           0x00000000        0x0 c:/program files (x86)/atmel/studio/7.0/toolchain/avr8/avr8-gnu-toolchain/bin/../lib/gcc/avr/5.4.0/../../../../avr/lib/avr5\libm.a(fp_inf.o)
 .text          0x00000000        0x0 c:/program files (x86)/atmel/studio/7.0/toolchain/avr8/avr8-gnu-toolchain/bin/../lib/gcc/avr/5.4.0/../../../../avr/lib/avr5\libm.a(fp_nan.o)
 .data          0x00000000        0x0 c:/program files (x86)/atmel/studio/7.0/toolchain/avr8/avr8-gnu-toolchain/bin/../lib/gcc/avr/5.4.0/../../../../avr/lib/avr5\libm.a(fp_nan.o)
 .bss           0x00000000        0x0 c:/program files (x86)/atmel/studio/7.0/toolchain/avr8/avr8-gnu-toolchain/bin/../lib/gcc/avr/5.4.0/../../../../avr/lib/avr5\libm.a(fp_nan.o)
 .text          0x00000000        0x0 c:/program files (x86)/atmel/studio/7.0/toolchain/avr8/avr8-gnu-toolchain/bin/../lib/gcc/avr/5.4.0/../../../../avr/lib/avr5\libm.a(fp_pscA.o)
 .data          0x00000000        0x0 c:/program files (x86)/atmel/studio/7.0/toolchain/avr8/avr8-gnu-toolchain/bin/../lib/gcc/avr/5.4.0/../../../../avr/lib/avr5\libm.a(fp_pscA.o)
 .bss           0x00000000        0x0 c:/program files (x86)/atmel/studio/7.0/toolchain/avr8/avr8-gnu-toolchain/bin/../lib/gcc/avr/5.4.0/../../../../avr/lib/avr5\libm.a(fp_pscA.o)
 .text          0x00000000        0x0 c:/program files (x86)/atmel/studio/7.0/toolchain/avr8/avr8-gnu-toolchain/bin/../lib/gcc/avr/5.4.0/../../../../avr/lib/avr5\libm.a(fp_pscB.o)
 .data          0x00000000        0x0 c:/program files (x86)/atmel/studio/7.0/toolchain/avr8/avr8-gnu-toolchain/bin/../lib/gcc/avr/5.4.0/../../../../avr/lib/avr5\libm.a(fp_pscB.o)
 .bss           0x00000000        0x0 c:/program files (x86)/atmel/studio/7.0/toolchain/avr8/avr8-gnu-toolchain/bin/../lib/gcc/avr/5.4.0/../../../../avr/lib/avr5\libm.a(fp_pscB.o)
 .text          0x00000000        0x0 c:/program files (x86)/atmel/studio/7.0/toolchain/avr8/avr8-gnu-toolchain/bin/../lib/gcc/avr/5.4.0/../../../../avr/lib/avr5\libm.a(fp_round.o)
 .data          0x00000000        0x0 c:/program files (x86)/atmel/studio/7.0/toolchain/avr8/avr8-gnu-toolchain/bin/../lib/gcc/avr/5.4.0/../../../../avr/lib/avr5\libm.a(fp_round.o)
 .bss           0x00000000        0x0 c:/program files (x86)/atmel/studio/7.0/toolchain/avr8/avr8-gnu-toolchain/bin/../lib/gcc/avr/5.4.0/../../../../avr/lib/avr5\libm.a(fp_round.o)
 .text          0x00000000        0x0 c:/program files (x86)/atmel/studio/7.0/toolchain/avr8/avr8-gnu-toolchain/bin/../lib/gcc/avr/5.4.0/../../../../avr/lib/avr5\libm.a(fp_split3.o)
 .data          0x00000000        0x0 c:/program files (x86)/atmel/studio/7.0/toolchain/avr8/avr8-gnu-toolchain/bin/../lib/gcc/avr/5.4.0/../../../../avr/lib/avr5\libm.a(fp_split3.o)
 .bss           0x00000000        0x0 c:/program files (x86)/atmel/studio/7.0/toolchain/avr8/avr8-gnu-toolchain/bin/../lib/gcc/avr/5.4.0/../../../../avr/lib/avr5\libm.a(fp_split3.o)
 .text          0x00000000        0x0 c:/program files (x86)/atmel/studio/7.0/toolchain/avr8/avr8-gnu-toolchain/bin/../lib/gcc/avr/5.4.0/../../../../avr/lib/avr5\libm.a(fp_zero.o)
 .data          0x00000000        0x0 c:/program files (x86)/atmel/studio/7.0/toolchain/avr8/avr8-gnu-toolchain/bin/../lib/gcc/avr/5.4.0/../../../../avr/lib/avr5\libm.a(fp_zero.o)
 .bss           0x00000000        0x0 c:/program files (x86)/atmel/studio/7.0/toolchain/avr8/avr8-gnu-toolchain/bin/../lib/gcc/avr/5.4.0/../../../../avr/lib/avr5\libm.a(fp_zero.o)
 .text          0x00000000        0x0 c:/program files (x86)/atmel/studio/7.0/toolchain/avr8/avr8-gnu-toolchain/bin/../lib/gcc/avr/5.4.0/../../../../avr/lib/avr5\libm.a(mulsf3.o)
 .data          0x00000000        0x0 c:/program files (x86)/atmel/studio/7.0/toolchain/avr8/avr8-gnu-toolchain/bin/../lib/gcc/avr/5.4.0/../../../../avr/lib/avr5\libm.a(mulsf3.o)
 .bss           0x00000000        0x0 c:/program files (x86)/atmel/studio/7.0/toolchain/avr8/avr8-gnu-toolchain/bin/../lib/gcc/avr/5.4.0/../../../../avr/lib/avr5\libm.a(mulsf3.o)
 .text          0x00000000        0x0 c:/program files (x86)/atmel/studio/7.0/toolchain/avr8/avr8-gnu-toolchain/bin/../lib/gcc/avr/5.4.0/../../../../avr/lib/avr5\libm.a(mulsf3x.o)
 .data          0x00000000        0x0 c:/program files (x86)/atmel/studio/7.0/toolchain/avr8/avr8-gnu-toolchain/bin/../lib/gcc/avr/5.4.0/../../../../avr/lib/avr5\libm.a(mulsf3x.o)
 .bss           0x00000000        0x0 c:/program files (x86)/atmel/studio/7.0/toolchain/avr8/avr8-gnu-toolchain/bin/../lib/gcc/avr/5.4.0/../../../../avr/lib/avr5\libm.a(mulsf3x.o)
 .text          0x00000000        0x0 c:/program files (x86)/atmel/studio/7.0/toolchain/avr8/avr8-gnu-toolchain/bin/../lib/gcc/avr/5.4.0/../../../../avr/lib/avr5\libprintf_flt.a(vfprintf_flt.o)
 .data          0x00000000        0x0 c:/program files (x86)/atmel/studio/7.0/toolchain/avr8/avr8-gnu-toolchain/bin/../lib/gcc/avr/5.4.0/../../../../avr/lib/avr5\libprintf_flt.a(vfprintf_flt.o)
 .bss           0x00000000        0x0 c:/program files (x86)/atmel/studio/7.0/toolchain/avr8/avr8-gnu-toolchain/bin/../lib/gcc/avr/5.4.0/../../../../avr/lib/avr5\libprintf_flt.a(vfprintf_flt.o)
 .text          0x00000000        0x0 c:/program files (x86)/atmel/studio/7.0/toolchain/avr8/avr8-gnu-toolchain/bin/../lib/gcc/avr/5.4.0/avr5\libgcc.a(_exit.o)
 .data          0x00000000        0x0 c:/program files (x86)/atmel/studio/7.0/toolchain/avr8/avr8-gnu-toolchain/bin/../lib/gcc/avr/5.4.0/avr5\libgcc.a(_exit.o)
 .bss           0x00000000        0x0 c:/program files (x86)/atmel/studio/7.0/toolchain/avr8/avr8-gnu-toolchain/bin/../lib/gcc/avr/5.4.0/avr5\libgcc.a(_exit.o)
 .text.libgcc.mul
                0x00000000        0x0 c:/program files (x86)/atmel/studio/7.0/toolchain/avr8/avr8-gnu-toolchain/bin/../lib/gcc/avr/5.4.0/avr5\libgcc.a(_exit.o)
 .text.libgcc.div
                0x00000000        0x0 c:/program files (x86)/atmel/studio/7.0/toolchain/avr8/avr8-gnu-toolchain/bin/../lib/gcc/avr/5.4.0/avr5\libgcc.a(_exit.o)
 .text.libgcc   0x00000000        0x0 c:/program files (x86)/atmel/studio/7.0/toolchain/avr8/avr8-gnu-toolchain/bin/../lib/gcc/avr/5.4.0/avr5\libgcc.a(_exit.o)
 .text.libgcc.prologue
                0x00000000        0x0 c:/program files (x86)/atmel/studio/7.0/toolchain/avr8/avr8-gnu-toolchain/bin/../lib/gcc/avr/5.4.0/avr5\libgcc.a(_exit.o)
 .text.libgcc.builtins
                0x00000000        0x0 c:/program files (x86)/atmel/studio/7.0/toolchain/avr8/avr8-gnu-toolchain/bin/../lib/gcc/avr/5.4.0/avr5\libgcc.a(_exit.o)
 .text.libgcc.fmul
                0x00000000        0x0 c:/program files (x86)/atmel/studio/7.0/toolchain/avr8/avr8-gnu-toolchain/bin/../lib/gcc/avr/5.4.0/avr5\libgcc.a(_exit.o)
 .text.libgcc.fixed
                0x00000000        0x0 c:/program files (x86)/atmel/studio/7.0/toolchain/avr8/avr8-gnu-toolchain/bin/../lib/gcc/avr/5.4.0/avr5\libgcc.a(_exit.o)
 .text          0x00000000        0x0 c:/program files (x86)/atmel/studio/7.0/toolchain/avr8/avr8-gnu-toolchain/bin/../lib/gcc/avr/5.4.0/avr5\libgcc.a(_copy_data.o)
 .data          0x00000000        0x0 c:/program files (x86)/atmel/studio/7.0/toolchain/avr8/avr8-gnu-toolchain/bin/../lib/gcc/avr/5.4.0/avr5\libgcc.a(_copy_data.o)
 .bss           0x00000000        0x0 c:/program files (x86)/atmel/studio/7.0/toolchain/avr8/avr8-gnu-toolchain/bin/../lib/gcc/avr/5.4.0/avr5\libgcc.a(_copy_data.o)
 .text.libgcc.mul
                0x00000000        0x0 c:/program files (x86)/atmel/studio/7.0/toolchain/avr8/avr8-gnu-toolchain/bin/../lib/gcc/avr/5.4.0/avr5\libgcc.a(_copy_data.o)
 .text.libgcc.div
                0x00000000        0x0 c:/program files (x86)/atmel/studio/7.0/toolchain/avr8/avr8-gnu-toolchain/bin/../lib/gcc/avr/5.4.0/avr5\libgcc.a(_copy_data.o)
 .text.libgcc   0x00000000        0x0 c:/program files (x86)/atmel/studio/7.0/toolchain/avr8/avr8-gnu-toolchain/bin/../lib/gcc/avr/5.4.0/avr5\libgcc.a(_copy_data.o)
 .text.libgcc.prologue
                0x00000000        0x0 c:/program files (x86)/atmel/studio/7.0/toolchain/avr8/avr8-gnu-toolchain/bin/../lib/gcc/avr/5.4.0/avr5\libgcc.a(_copy_data.o)
 .text.libgcc.builtins
                0x00000000        0x0 c:/program files (x86)/atmel/studio/7.0/toolchain/avr8/avr8-gnu-toolchain/bin/../lib/gcc/avr/5.4.0/avr5\libgcc.a(_copy_data.o)
 .text.libgcc.fmul
                0x00000000        0x0 c:/program files (x86)/atmel/studio/7.0/toolchain/avr8/avr8-gnu-toolchain/bin/../lib/gcc/avr/5.4.0/avr5\libgcc.a(_copy_data.o)
 .text.libgcc.fixed
                0x00000000        0x0 c:/program files (x86)/atmel/studio/7.0/toolchain/avr8/avr8-gnu-toolchain/bin/../lib/gcc/avr/5.4.0/avr5\libgcc.a(_copy_data.o)
 .text          0x00000000        0x0 c:/program files (x86)/atmel/studio/7.0/toolchain/avr8/avr8-gnu-toolchain/bin/../lib/gcc/avr/5.4.0/avr5\libgcc.a(_clear_bss.o)
 .data          0x00000000        0x0 c:/program files (x86)/atmel/studio/7.0/toolchain/avr8/avr8-gnu-toolchain/bin/../lib/gcc/avr/5.4.0/avr5\libgcc.a(_clear_bss.o)
 .bss           0x00000000        0x0 c:/program files (x86)/atmel/studio/7.0/toolchain/avr8/avr8-gnu-toolchain/bin/../lib/gcc/avr/5.4.0/avr5\libgcc.a(_clear_bss.o)
 .text.libgcc.mul
                0x00000000        0x0 c:/program files (x86)/atmel/studio/7.0/toolchain/avr8/avr8-gnu-toolchain/bin/../lib/gcc/avr/5.4.0/avr5\libgcc.a(_clear_bss.o)
 .text.libgcc.div
                0x00000000        0x0 c:/program files (x86)/atmel/studio/7.0/toolchain/avr8/avr8-gnu-toolchain/bin/../lib/gcc/avr/5.4.0/avr5\libgcc.a(_clear_bss.o)
 .text.libgcc   0x00000000        0x0 c:/program files (x86)/atmel/studio/7.0/toolchain/avr8/avr8-gnu-toolchain/bin/../lib/gcc/avr/5.4.0/avr5\libgcc.a(_clear_bss.o)
 .text.libgcc.prologue
                0x00000000        0x0 c:/program files (x86)/atmel/studio/7.0/toolchain/avr8/avr8-gnu-toolchain/bin/../lib/gcc/avr/5.4.0/avr5\libgcc.a(_clear_bss.o)
 .text.libgcc.builtins
                0x00000000        0x0 c:/program files (x86)/atmel/studio/7.0/toolchain/avr8/avr8-gnu-toolchain/bin/../lib/gcc/avr/5.4.0/avr5\libgcc.a(_clear_bss.o)
 .text.libgcc.fmul
                0x00000000        0x0 c:/program files (x86)/atmel/studio/7.0/toolchain/avr8/avr8-gnu-toolchain/bin/../lib/gcc/avr/5.4.0/avr5\libgcc.a(_clear_bss.o)
 .text.libgcc.fixed
                0x00000000        0x0 c:/program files (x86)/atmel/studio/7.0/toolchain/avr8/avr8-gnu-toolchain/bin/../lib/gcc/avr/5.4.0/avr5\libgcc.a(_clear_bss.o)
 .text          0x00000000        0x0 c:/program files (x86)/atmel/studio/7.0/toolchain/avr8/avr8-gnu-toolchain/bin/../lib/gcc/avr/5.4.0/avr5\libgcc.a(_prologue.o)
 .data          0x00000000        0x0 c:/program files (x86)/atmel/studio/7.0/toolchain/avr8/avr8-gnu-toolchain/bin/../lib/gcc/avr/5.4.0/avr5\libgcc.a(_prologue.o)
 .bss           0x00000000        0x0 c:/program files (x86)/atmel/studio/7.0/toolchain/avr8/avr8-gnu-toolchain/bin/../lib/gcc/avr/5.4.0/avr5\libgcc.a(_prologue.o)
 .text.libgcc.mul
                0x00000000        0x0 c:/program files (x86)/atmel/studio/7.0/toolchain/avr8/avr8-gnu-toolchain/bin/../lib/gcc/avr/5.4.0/avr5\libgcc.a(_prologue.o)
 .text.libgcc.div
                0x00000000        0x0 c:/program files (x86)/atmel/studio/7.0/toolchain/avr8/avr8-gnu-toolchain/bin/../lib/gcc/avr/5.4.0/avr5\libgcc.a(_prologue.o)
 .text.libgcc   0x00000000        0x0 c:/program files (x86)/atmel/studio/7.0/toolchain/avr8/avr8-gnu-toolchain/bin/../lib/gcc/avr/5.4.0/avr5\libgcc.a(_prologue.o)
 .text.libgcc.builtins
                0x00000000        0x0 c:/program files (x86)/atmel/studio/7.0/toolchain/avr8/avr8-gnu-toolchain/bin/../lib/gcc/avr/5.4.0/avr5\libgcc.a(_prologue.o)
 .text.libgcc.fmul
                0x00000000        0x0 c:/program files (x86)/atmel/studio/7.0/toolchain/avr8/avr8-gnu-toolchain/bin/../lib/gcc/avr/5.4.0/avr5\libgcc.a(_prologue.o)
 .text.libgcc.fixed
                0x00000000        0x0 c:/program files (x86)/atmel/studio/7.0/toolchain/avr8/avr8-gnu-toolchain/bin/../lib/gcc/avr/5.4.0/avr5\libgcc.a(_prologue.o)
 .text          0x00000000        0x0 c:/program files (x86)/atmel/studio/7.0/toolchain/avr8/avr8-gnu-toolchain/bin/../lib/gcc/avr/5.4.0/avr5\libgcc.a(_epilogue.o)
 .data          0x00000000        0x0 c:/program files (x86)/atmel/studio/7.0/toolchain/avr8/avr8-gnu-toolchain/bin/../lib/gcc/avr/5.4.0/avr5\libgcc.a(_epilogue.o)
 .bss           0x00000000        0x0 c:/program files (x86)/atmel/studio/7.0/toolchain/avr8/avr8-gnu-toolchain/bin/../lib/gcc/avr/5.4.0/avr5\libgcc.a(_epilogue.o)
 .text.libgcc.mul
                0x00000000        0x0 c:/program files (x86)/atmel/studio/7.0/toolchain/avr8/avr8-gnu-toolchain/bin/../lib/gcc/avr/5.4.0/avr5\libgcc.a(_epilogue.o)
 .text.libgcc.div
                0x00000000        0x0 c:/program files (x86)/atmel/studio/7.0/toolchain/avr8/avr8-gnu-toolchain/bin/../lib/gcc/avr/5.4.0/avr5\libgcc.a(_epilogue.o)
 .text.libgcc   0x00000000        0x0 c:/program files (x86)/atmel/studio/7.0/toolchain/avr8/avr8-gnu-toolchain/bin/../lib/gcc/avr/5.4.0/avr5\libgcc.a(_epilogue.o)
 .text.libgcc.builtins
                0x00000000        0x0 c:/program files (x86)/atmel/studio/7.0/toolchain/avr8/avr8-gnu-toolchain/bin/../lib/gcc/avr/5.4.0/avr5\libgcc.a(_epilogue.o)
 .text.libgcc.fmul
                0x00000000        0x0 c:/program files (x86)/atmel/studio/7.0/toolchain/avr8/avr8-gnu-toolchain/bin/../lib/gcc/avr/5.4.0/avr5\libgcc.a(_epilogue.o)
 .text.libgcc.fixed
                0x00000000        0x0 c:/program files (x86)/atmel/studio/7.0/toolchain/avr8/avr8-gnu-toolchain/bin/../lib/gcc/avr/5.4.0/avr5\libgcc.a(_epilogue.o)
 .text          0x00000000        0x0 c:/program files (x86)/atmel/studio/7.0/toolchain/avr8/avr8-gnu-toolchain/bin/../lib/gcc/avr/5.4.0/../../../../avr/lib/avr5\libc.a(ftoa_engine.o)
 .data          0x00000000        0x0 c:/program files (x86)/atmel/studio/7.0/toolchain/avr8/avr8-gnu-toolchain/bin/../lib/gcc/avr/5.4.0/../../../../avr/lib/avr5\libc.a(ftoa_engine.o)
 .bss           0x00000000        0x0 c:/program files (x86)/atmel/studio/7.0/toolchain/avr8/avr8-gnu-toolchain/bin/../lib/gcc/avr/5.4.0/../../../../avr/lib/avr5\libc.a(ftoa_engine.o)
 .text          0x00000000        0x0 c:/program files (x86)/atmel/studio/7.0/toolchain/avr8/avr8-gnu-toolchain/bin/../lib/gcc/avr/5.4.0/../../../../avr/lib/avr5\libc.a(strnlen_P.o)
 .data          0x00000000        0x0 c:/program files (x86)/atmel/studio/7.0/toolchain/avr8/avr8-gnu-toolchain/bin/../lib/gcc/avr/5.4.0/../../../../avr/lib/avr5\libc.a(strnlen_P.o)
 .bss           0x00000000        0x0 c:/program files (x86)/atmel/studio/7.0/toolchain/avr8/avr8-gnu-toolchain/bin/../lib/gcc/avr/5.4.0/../../../../avr/lib/avr5\libc.a(strnlen_P.o)
 .text          0x00000000        0x0 c:/program files (x86)/atmel/studio/7.0/toolchain/avr8/avr8-gnu-toolchain/bin/../lib/gcc/avr/5.4.0/../../../../avr/lib/avr5\libc.a(memcpy.o)
 .data          0x00000000        0x0 c:/program files (x86)/atmel/studio/7.0/toolchain/avr8/avr8-gnu-toolchain/bin/../lib/gcc/avr/5.4.0/../../../../avr/lib/avr5\libc.a(memcpy.o)
 .bss           0x00000000        0x0 c:/program files (x86)/atmel/studio/7.0/toolchain/avr8/avr8-gnu-toolchain/bin/../lib/gcc/avr/5.4.0/../../../../avr/lib/avr5\libc.a(memcpy.o)
 .text          0x00000000        0x0 c:/program files (x86)/atmel/studio/7.0/toolchain/avr8/avr8-gnu-toolchain/bin/../lib/gcc/avr/5.4.0/../../../../avr/lib/avr5\libc.a(strncpy.o)
 .data          0x00000000        0x0 c:/program files (x86)/atmel/studio/7.0/toolchain/avr8/avr8-gnu-toolchain/bin/../lib/gcc/avr/5.4.0/../../../../avr/lib/avr5\libc.a(strncpy.o)
 .bss           0x00000000        0x0 c:/program files (x86)/atmel/studio/7.0/toolchain/avr8/avr8-gnu-toolchain/bin/../lib/gcc/avr/5.4.0/../../../../avr/lib/avr5\libc.a(strncpy.o)
 .text          0x00000000        0x0 c:/program files (x86)/atmel/studio/7.0/toolchain/avr8/avr8-gnu-toolchain/bin/../lib/gcc/avr/5.4.0/../../../../avr/lib/avr5\libc.a(strnlen.o)
 .data          0x00000000        0x0 c:/program files (x86)/atmel/studio/7.0/toolchain/avr8/avr8-gnu-toolchain/bin/../lib/gcc/avr/5.4.0/../../../../avr/lib/avr5\libc.a(strnlen.o)
 .bss           0x00000000        0x0 c:/program files (x86)/atmel/studio/7.0/toolchain/avr8/avr8-gnu-toolchain/bin/../lib/gcc/avr/5.4.0/../../../../avr/lib/avr5\libc.a(strnlen.o)
 .text          0x00000000        0x0 c:/program files (x86)/atmel/studio/7.0/toolchain/avr8/avr8-gnu-toolchain/bin/../lib/gcc/avr/5.4.0/../../../../avr/lib/avr5\libc.a(fputc.o)
 .data          0x00000000        0x0 c:/program files (x86)/atmel/studio/7.0/toolchain/avr8/avr8-gnu-toolchain/bin/../lib/gcc/avr/5.4.0/../../../../avr/lib/avr5\libc.a(fputc.o)
 .bss           0x00000000        0x0 c:/program files (x86)/atmel/studio/7.0/toolchain/avr8/avr8-gnu-toolchain/bin/../lib/gcc/avr/5.4.0/../../../../avr/lib/avr5\libc.a(fputc.o)
 .text          0x00000000        0x0 c:/program files (x86)/atmel/studio/7.0/toolchain/avr8/avr8-gnu-toolchain/bin/../lib/gcc/avr/5.4.0/../../../../avr/lib/avr5\libc.a(sprintf.o)
 .data          0x00000000        0x0 c:/program files (x86)/atmel/studio/7.0/toolchain/avr8/avr8-gnu-toolchain/bin/../lib/gcc/avr/5.4.0/../../../../avr/lib/avr5\libc.a(sprintf.o)
 .bss           0x00000000        0x0 c:/program files (x86)/atmel/studio/7.0/toolchain/avr8/avr8-gnu-toolchain/bin/../lib/gcc/avr/5.4.0/../../../../avr/lib/avr5\libc.a(sprintf.o)
 .text          0x00000000        0x0 c:/program files (x86)/atmel/studio/7.0/toolchain/avr8/avr8-gnu-toolchain/bin/../lib/gcc/avr/5.4.0/../../../../avr/lib/avr5\libc.a(ultoa_invert.o)
 .data          0x00000000        0x0 c:/program files (x86)/atmel/studio/7.0/toolchain/avr8/avr8-gnu-toolchain/bin/../lib/gcc/avr/5.4.0/../../../../avr/lib/avr5\libc.a(ultoa_invert.o)
 .bss           0x00000000        0x0 c:/program files (x86)/atmel/studio/7.0/toolchain/avr8/avr8-gnu-toolchain/bin/../lib/gcc/avr/5.4.0/../../../../avr/lib/avr5\libc.a(ultoa_invert.o)

Memory Configuration

Name             Origin             Length             Attributes
text             0x00000000         0x00008000         xr
data             0x00800100         0x00000800         rw !x
eeprom           0x00810000         0x00000400         rw !x
fuse             0x00820000         0x00000003         rw !x
lock             0x00830000         0x00000400         rw !x
signature        0x00840000         0x00000400         rw !x
user_signatures  0x00850000         0x00000400         rw !x
*default*        0x00000000         0xffffffff

Linker script and memory map

Address of section .data set to 0x800100
LOAD C:/Program Files (x86)/Atmel/Studio/7.0/Packs/atmel/ATmega_DFP/1.7.374/gcc/dev/atmega328p/avr5/crtatmega328p.o
LOAD freertos/croutine.o
LOAD freertos/event_groups.o
LOAD freertos/list.o
LOAD freertos/portable/GCC/ATMega328/port.o
LOAD freertos/portable/MemMang/heap_1.o
LOAD freertos/queue.o
LOAD freertos/tasks.o
LOAD freertos/timers.o
LOAD main.o
LOAD mcc/src/config_bits.o
LOAD mcc/src/cpu.o
LOAD mcc/src/cpuint.o
LOAD mcc/src/pins.o
LOAD mcc/src/protected_io.o
LOAD mcc/src/system.o
LOAD mcc/src/twi.o
LOAD src/AHT21_controller/AHT21_controller.o
LOAD src/LCD_controller/LCD_controller.o
LOAD src/twi_interface/mcc_twi_interface.o
LOAD tasks/app/app.o
LOAD tasks/display/display.o
LOAD tasks/display/menu_structs.o
LOAD tasks/eeprom/eeprom.o
LOAD tasks/idle/idle.o
LOAD tasks/input/input.o
LOAD tasks/IoT/IoT.o
LOAD tasks/output/output.o
START GROUP
LOAD c:/program files (x86)/atmel/studio/7.0/toolchain/avr8/avr8-gnu-toolchain/bin/../lib/gcc/avr/5.4.0/../../../../avr/lib/avr5\libm.a
END GROUP
LOAD c:/program files (x86)/atmel/studio/7.0/toolchain/avr8/avr8-gnu-toolchain/bin/../lib/gcc/avr/5.4.0/../../../../avr/lib/avr5\libprintf_flt.a
START GROUP
LOAD c:/program files (x86)/atmel/studio/7.0/toolchain/avr8/avr8-gnu-toolchain/bin/../lib/gcc/avr/5.4.0/avr5\libgcc.a
LOAD c:/program files (x86)/atmel/studio/7.0/toolchain/avr8/avr8-gnu-toolchain/bin/../lib/gcc/avr/5.4.0/../../../../avr/lib/avr5\libm.a
LOAD c:/program files (x86)/atmel/studio/7.0/toolchain/avr8/avr8-gnu-toolchain/bin/../lib/gcc/avr/5.4.0/../../../../avr/lib/avr5\libc.a
LOAD C:/Program Files (x86)/Atmel/Studio/7.0/Packs/atmel/ATmega_DFP/1.7.374/gcc/dev/atmega328p/avr5\libatmega328p.a
END GROUP
                0x00000000                __TEXT_REGION_ORIGIN__ = DEFINED (__TEXT_REGION_ORIGIN__)?__TEXT_REGION_ORIGIN__:0x0
                [0x00800100]                __DATA_REGION_ORIGIN__ = DEFINED (__DATA_REGION_ORIGIN__)?__DATA_REGION_ORIGIN__:0x800060
                [0x00008000]                __TEXT_REGION_LENGTH__ = DEFINED (__TEXT_REGION_LENGTH__)?__TEXT_REGION_LENGTH__:0x20000
                [0x00000800]                __DATA_REGION_LENGTH__ = DEFINED (__DATA_REGION_LENGTH__)?__DATA_REGION_LENGTH__:0xffa0
                [0x00000400]                __EEPROM_REGION_LENGTH__ = DEFINED (__EEPROM_REGION_LENGTH__)?__EEPROM_REGION_LENGTH__:0x10000
                [0x00000003]                __FUSE_REGION_LENGTH__ = DEFINED (__FUSE_REGION_LENGTH__)?__FUSE_REGION_LENGTH__:0x400
                0x00000400                __LOCK_REGION_LENGTH__ = DEFINED (__LOCK_REGION_LENGTH__)?__LOCK_REGION_LENGTH__:0x400
                0x00000400                __SIGNATURE_REGION_LENGTH__ = DEFINED (__SIGNATURE_REGION_LENGTH__)?__SIGNATURE_REGION_LENGTH__:0x400
                0x00000400                __USER_SIGNATURE_REGION_LENGTH__ = DEFINED (__USER_SIGNATURE_REGION_LENGTH__)?__USER_SIGNATURE_REGION_LENGTH__:0x400

.hash
 *(.hash)

.dynsym
 *(.dynsym)

.dynstr
 *(.dynstr)

.gnu.version
 *(.gnu.version)

.gnu.version_d
 *(.gnu.version_d)

.gnu.version_r
 *(.gnu.version_r)

.rel.init
 *(.rel.init)

.rela.init
 *(.rela.init)

.rel.text
 *(.rel.text)
 *(.rel.text.*)
 *(.rel.gnu.linkonce.t*)

.rela.text
 *(.rela.text)
 *(.rela.text.*)
 *(.rela.gnu.linkonce.t*)

.rel.fini
 *(.rel.fini)

.rela.fini
 *(.rela.fini)

.rel.rodata
 *(.rel.rodata)
 *(.rel.rodata.*)
 *(.rel.gnu.linkonce.r*)

.rela.rodata
 *(.rela.rodata)
 *(.rela.rodata.*)
 *(.rela.gnu.linkonce.r*)

.rel.data
 *(.rel.data)
 *(.rel.data.*)
 *(.rel.gnu.linkonce.d*)

.rela.data
 *(.rela.data)
 *(.rela.data.*)
 *(.rela.gnu.linkonce.d*)

.rel.ctors
 *(.rel.ctors)

.rela.ctors
 *(.rela.ctors)

.rel.dtors
 *(.rel.dtors)

.rela.dtors
 *(.rela.dtors)

.rel.got
 *(.rel.got)

.rela.got
 *(.rela.got)

.rel.bss
 *(.rel.bss)

.rela.bss
 *(.rela.bss)

.rel.plt
 *(.rel.plt)

.rela.plt
 *(.rela.plt)

.text           0x00000000     0x2e46
 *(.vectors)
 .vectors       0x00000000       0x68 C:/Program Files (x86)/Atmel/Studio/7.0/Packs/atmel/ATmega_DFP/1.7.374/gcc/dev/atmega328p/avr5/crtatmega328p.o
                0x00000000                __vector_default
                0x00000000                __vectors
 *(.vectors)
 *(.progmem.gcc*)
                0x00000068                . = ALIGN (0x2)
                0x00000068                __trampolines_start = .
 *(.trampolines)
 .trampolines   0x00000068        0x0 linker stubs
 *(.trampolines*)
                0x00000068                __trampolines_end = .
 *libprintf_flt.a:*(.progmem.data)
 .progmem.data  0x00000068        0x8 c:/program files (x86)/atmel/studio/7.0/toolchain/avr8/avr8-gnu-toolchain/bin/../lib/gcc/avr/5.4.0/../../../../avr/lib/avr5\libprintf_flt.a(vfprintf_flt.o)
 *libc.a:*(.progmem.data)
 .progmem.data  0x00000070       0xfa c:/program files (x86)/atmel/studio/7.0/toolchain/avr8/avr8-gnu-toolchain/bin/../lib/gcc/avr/5.4.0/../../../../avr/lib/avr5\libc.a(ftoa_engine.o)
 *(.progmem*)
                0x0000016a                . = ALIGN (0x2)
 *(.jumptables)
 *(.jumptables*)
 *(.lowtext)
 *(.lowtext*)
                0x0000016a                __ctors_start = .
 *(.ctors)
                0x0000016a                __ctors_end = .
                0x0000016a                __dtors_start = .
 *(.dtors)
                0x0000016a                __dtors_end = .
 SORT(*)(.ctors)
 SORT(*)(.dtors)
 *(.init0)
 .init0         0x0000016a        0x0 C:/Program Files (x86)/Atmel/Studio/7.0/Packs/atmel/ATmega_DFP/1.7.374/gcc/dev/atmega328p/avr5/crtatmega328p.o
                0x0000016a                __init
 *(.init0)
 *(.init1)
 *(.init1)
 *(.init2)
 .init2         0x0000016a        0xc C:/Program Files (x86)/Atmel/Studio/7.0/Packs/atmel/ATmega_DFP/1.7.374/gcc/dev/atmega328p/avr5/crtatmega328p.o
 *(.init2)
 *(.init3)
 *(.init3)
 *(.init4)
 .init4         0x00000176       0x16 c:/program files (x86)/atmel/studio/7.0/toolchain/avr8/avr8-gnu-toolchain/bin/../lib/gcc/avr/5.4.0/avr5\libgcc.a(_copy_data.o)
                0x00000176                __do_copy_data
 .init4         0x0000018c       0x10 c:/program files (x86)/atmel/studio/7.0/toolchain/avr8/avr8-gnu-toolchain/bin/../lib/gcc/avr/5.4.0/avr5\libgcc.a(_clear_bss.o)
                0x0000018c                __do_clear_bss
 *(.init4)
 *(.init5)
 *(.init5)
 *(.init6)
 *(.init6)
 *(.init7)
 *(.init7)
 *(.init8)
 *(.init8)
 *(.init9)
 .init9         0x0000019c        0x8 C:/Program Files (x86)/Atmel/Studio/7.0/Packs/atmel/ATmega_DFP/1.7.374/gcc/dev/atmega328p/avr5/crtatmega328p.o
 *(.init9)
 *(.text)
 .text          0x000001a4        0x4 C:/Program Files (x86)/Atmel/Studio/7.0/Packs/atmel/ATmega_DFP/1.7.374/gcc/dev/atmega328p/avr5/crtatmega328p.o
                0x000001a4                __vector_22
                0x000001a4                __vector_1
                0x000001a4                __vector_24
                0x000001a4                __vector_12
                0x000001a4                __bad_interrupt
                0x000001a4                __vector_6
                0x000001a4                __vector_3
                0x000001a4                __vector_23
                0x000001a4                __vector_25
                0x000001a4                __vector_13
                0x000001a4                __vector_17
                0x000001a4                __vector_19
                0x000001a4                __vector_7
                0x000001a4                __vector_5
                0x000001a4                __vector_4
                0x000001a4                __vector_9
                0x000001a4                __vector_2
                0x000001a4                __vector_21
                0x000001a4                __vector_15
                0x000001a4                __vector_8
                0x000001a4                __vector_14
                0x000001a4                __vector_10
                0x000001a4                __vector_16
                0x000001a4                __vector_18
                0x000001a4                __vector_20
                0x000001a8                . = ALIGN (0x2)
 *(.text.*)
 .text.vListInitialise
                0x000001a8       0x1c freertos/list.o
                0x000001a8                vListInitialise
 .text.vListInitialiseItem
                0x000001c4        0x8 freertos/list.o
                0x000001c4                vListInitialiseItem
 .text.vListInsertEnd
                0x000001cc       0x42 freertos/list.o
                0x000001cc                vListInsertEnd
 .text.vListInsert
                0x0000020e       0x62 freertos/list.o
                0x0000020e                vListInsert
 .text.uxListRemove
                0x00000270       0x4c freertos/list.o
                0x00000270                uxListRemove
 .text.prvSetupTimerInterrupt
                0x000002bc       0x28 freertos/portable/GCC/ATMega328/port.o
 .text.pxPortInitialiseStack
                0x000002e4       0xd8 freertos/portable/GCC/ATMega328/port.o
                0x000002e4                pxPortInitialiseStack
 .text.xPortStartScheduler
                0x000003bc       0x5e freertos/portable/GCC/ATMega328/port.o
                0x000003bc                xPortStartScheduler
 .text.vPortYield
                0x0000041a       0xb2 freertos/portable/GCC/ATMega328/port.o
                0x0000041a                vPortYield
 .text.vPortYieldFromTick
                0x000004cc       0xb8 freertos/portable/GCC/ATMega328/port.o
                0x000004cc                vPortYieldFromTick
 .text.__vector_11
                0x00000584        0x6 freertos/portable/GCC/ATMega328/port.o
                0x00000584                __vector_11
 .text.pvPortMalloc
                0x0000058a       0x6a freertos/portable/MemMang/heap_1.o
                0x0000058a                pvPortMalloc
 .text.vPortFree
                0x000005f4        0x2 freertos/portable/MemMang/heap_1.o
                0x000005f4                vPortFree
 .text.prvIsQueueEmpty
                0x000005f6       0x1a freertos/queue.o
 .text.prvIsQueueFull
                0x00000610       0x1c freertos/queue.o
 .text.prvCopyDataToQueue
                0x0000062c       0xc0 freertos/queue.o
 .text.prvCopyDataFromQueue
                0x000006ec       0x34 freertos/queue.o
 .text.prvUnlockQueue
                0x00000720       0x6c freertos/queue.o
 .text.xQueueGenericReset
                0x0000078c       0x8c freertos/queue.o
                0x0000078c                xQueueGenericReset
 .text.xQueueGenericCreate
                0x00000818       0x52 freertos/queue.o
                0x00000818                xQueueGenericCreate
 .text.xQueueGenericSend
                0x0000086a      0x124 freertos/queue.o
                0x0000086a                xQueueGenericSend
 .text.xQueueCreateMutex
                0x0000098e       0x58 freertos/queue.o
                0x0000098e                xQueueCreateMutex
 .text.xQueueGenericReceive
                0x000009e6      0x174 freertos/queue.o
                0x000009e6                xQueueGenericReceive
 .text.prvResetNextTaskUnblockTime
                0x00000b5a       0x3e freertos/tasks.o
 .text.prvAllocateTCBAndStack
                0x00000b98       0x4a freertos/tasks.o
 .text.prvDeleteTCB
                0x00000be2       0x1a freertos/tasks.o
 .text.prvInitialiseTCBVariables
                0x00000bfc       0x74 freertos/tasks.o
 .text.prvInitialiseTaskLists
                0x00000c70       0x66 freertos/tasks.o
 .text.prvAddCurrentTaskToDelayedList
                0x00000cd6       0x6e freertos/tasks.o
 .text.xTaskGenericCreate
                0x00000d44      0x170 freertos/tasks.o
                0x00000d44                xTaskGenericCreate
 .text.vTaskStartScheduler
                0x00000eb4       0x56 freertos/tasks.o
                0x00000eb4                vTaskStartScheduler
 .text.vTaskSuspendAll
                0x00000f0a        0xc freertos/tasks.o
                0x00000f0a                vTaskSuspendAll
 .text.xTaskIncrementTick
                0x00000f16      0x180 freertos/tasks.o
                0x00000f16                xTaskIncrementTick
 .text.xTaskResumeAll
                0x00001096       0xe6 freertos/tasks.o
                0x00001096                xTaskResumeAll
 .text.vTaskDelay
                0x0000117c       0x48 freertos/tasks.o
                0x0000117c                vTaskDelay
 .text.prvCheckTasksWaitingTermination
                0x000011c4       0x5c freertos/tasks.o
 .text.prvIdleTask
                0x00001220       0x16 freertos/tasks.o
 .text.vTaskSwitchContext
                0x00001236       0xbc freertos/tasks.o
                0x00001236                vTaskSwitchContext
 .text.vTaskPlaceOnEventList
                0x000012f2       0x3a freertos/tasks.o
                0x000012f2                vTaskPlaceOnEventList
 .text.xTaskRemoveFromEventList
                0x0000132c       0x90 freertos/tasks.o
                0x0000132c                xTaskRemoveFromEventList
 .text.vTaskSetTimeOutState
                0x000013bc       0x16 freertos/tasks.o
                0x000013bc                vTaskSetTimeOutState
 .text.xTaskCheckForTimeOut
                0x000013d2       0x64 freertos/tasks.o
                0x000013d2                xTaskCheckForTimeOut
 .text.vTaskMissedYield
                0x00001436        0x8 freertos/tasks.o
                0x00001436                vTaskMissedYield
 .text.vTaskPriorityInherit
                0x0000143e       0xc4 freertos/tasks.o
                0x0000143e                vTaskPriorityInherit
 .text.xTaskPriorityDisinherit
                0x00001502       0x80 freertos/tasks.o
                0x00001502                xTaskPriorityDisinherit
 .text.pvTaskIncrementMutexHeldCount
                0x00001582       0x24 freertos/tasks.o
                0x00001582                pvTaskIncrementMutexHeldCount
 .text.main     0x000015a6      0x14a main.o
                0x000015a6                main
 .text.PIN_MANAGER_Initialize
                0x000016f0       0x14 mcc/src/pins.o
                0x000016f0                PIN_MANAGER_Initialize
 .text.SYSTEM_Initialize
                0x00001704        0xa mcc/src/system.o
                0x00001704                SYSTEM_Initialize
 .text.TWI_ErrorGet
                0x0000170e        0xa mcc/src/twi.o
                0x0000170e                TWI_ErrorGet
 .text.TWI_IsBusy
                0x00001718        0x6 mcc/src/twi.o
                0x00001718                TWI_IsBusy
 .text.TWI_CallbackRegister
                0x0000171e        0x2 mcc/src/twi.o
                0x0000171e                TWI_CallbackRegister
 .text.TWI_Initialize
                0x00001720       0x1c mcc/src/twi.o
                0x00001720                TWI_Initialize
 .text.TWI_Deinitialize
                0x0000173c       0x1c mcc/src/twi.o
                0x0000173c                TWI_Deinitialize
 .text.TWI_StartSend
                0x00001758        0xc mcc/src/twi.o
 .text.TWI_Close
                0x00001764       0x26 mcc/src/twi.o
 .text.TWI_EventHandler
                0x0000178a       0x28 mcc/src/twi.o
 .text.TWI_Tasks
                0x000017b2       0x1e mcc/src/twi.o
                0x000017b2                TWI_Tasks
 .text.TWI_GetStatus
                0x000017d0        0x8 mcc/src/twi.o
 .text.I2C_EVENT_RESET
                0x000017d8       0x12 mcc/src/twi.o
 .text.I2C_EVENT_IDLE
                0x000017ea        0xc mcc/src/twi.o
 .text.I2C_EVENT_SEND_START_READ
                0x000017f6        0x8 mcc/src/twi.o
 .text.TWI_ReadStart
                0x000017fe        0xa mcc/src/twi.o
 .text.TWI_Read
                0x00001808       0x4c mcc/src/twi.o
                0x00001808                TWI_Read
 .text.I2C_EVENT_SEND_START_WRITE
                0x00001854        0x8 mcc/src/twi.o
 .text.TWI_WriteStart
                0x0000185c        0xa mcc/src/twi.o
 .text.TWI_Write
                0x00001866       0x4c mcc/src/twi.o
                0x00001866                TWI_Write
 .text.TWI_WriteRead
                0x000018b2       0x5e mcc/src/twi.o
                0x000018b2                TWI_WriteRead
 .text.I2C_EVENT_SEND_RESTART
                0x00001910        0xa mcc/src/twi.o
 .text.I2C_EVENT_SEND_STOP
                0x0000191a       0x12 mcc/src/twi.o
 .text.I2C_EVENT_ADDRESS_NACK
                0x0000192c        0xc mcc/src/twi.o
 .text.I2C_EVENT_RX_ACK
                0x00001938       0x26 mcc/src/twi.o
 .text.I2C_EVENT_TX_ACK
                0x0000195e       0x12 mcc/src/twi.o
 .text.I2C_EVENT_NACK_STOP
                0x00001970        0xe mcc/src/twi.o
 .text.I2C_EVENT_NACK_RESTART
                0x0000197e        0xa mcc/src/twi.o
 .text.I2C_EVENT_BUS_ERROR
                0x00001988       0x16 mcc/src/twi.o
 .text.TWI_GetRxData
                0x0000199e        0x6 mcc/src/twi.o
 .text.I2C_EVENT_RX
                0x000019a4       0x94 mcc/src/twi.o
 .text.TWI_SendTxData
                0x00001a38        0x6 mcc/src/twi.o
 .text.I2C_EVENT_TX
                0x00001a3e       0x74 mcc/src/twi.o
 .text.I2C_EVENT_SEND_ADR_WRITE
                0x00001ab2       0x34 mcc/src/twi.o
 .text.I2C_EVENT_SEND_ADR_READ
                0x00001ae6       0x3a mcc/src/twi.o
 .text.triggermeasure
                0x00001b20      0x18a src/AHT21_controller/AHT21_controller.o
                0x00001b20                triggermeasure
 .text.AHT_init
                0x00001caa       0x32 src/AHT21_controller/AHT21_controller.o
                0x00001caa                AHT_init
 .text.convert  0x00001cdc       0x5a src/LCD_controller/LCD_controller.o
                0x00001cdc                convert
 .text.prep_disp_clear_data
                0x00001d36        0x8 src/LCD_controller/LCD_controller.o
                0x00001d36                prep_disp_clear_data
 .text.clearDisplay
                0x00001d3e       0x24 src/LCD_controller/LCD_controller.o
                0x00001d3e                clearDisplay
 .text.prep_disp_curs_mode_data
                0x00001d62       0x1c src/LCD_controller/LCD_controller.o
                0x00001d62                prep_disp_curs_mode_data
 .text.prep_func_mode_data
                0x00001d7e       0x2c src/LCD_controller/LCD_controller.o
                0x00001d7e                prep_func_mode_data
 .text.LCD_Init
                0x00001daa       0x8c src/LCD_controller/LCD_controller.o
                0x00001daa                LCD_Init
 .text.prep_goto_ddram_data
                0x00001e36        0x8 src/LCD_controller/LCD_controller.o
                0x00001e36                prep_goto_ddram_data
 .text.prep_write_char_data
                0x00001e3e        0xa src/LCD_controller/LCD_controller.o
                0x00001e3e                prep_write_char_data
 .text.writeStringAt
                0x00001e48       0x72 src/LCD_controller/LCD_controller.o
                0x00001e48                writeStringAt
 .text.twi_write
                0x00001eba       0x40 src/twi_interface/mcc_twi_interface.o
                0x00001eba                twi_write
 .text.twi_read
                0x00001efa       0x42 src/twi_interface/mcc_twi_interface.o
                0x00001efa                twi_read
 .text.displayArgsInit
                0x00001f3c       0x1a tasks/display/display.o
                0x00001f3c                displayArgsInit
 .text.mainMenuInit
                0x00001f56       0x22 tasks/display/display.o
                0x00001f56                mainMenuInit
 .text.displayTask
                0x00001f78       0xfa tasks/display/display.o
                0x00001f78                displayTask
 .text.setNextPrevPointers
                0x00002072       0x12 tasks/display/menu_structs.o
                0x00002072                setNextPrevPointers
 .text.vApplicationIdleHook
                0x00002084        0x2 tasks/idle/idle.o
                0x00002084                vApplicationIdleHook
 .text.avr-libc.fplib
                0x00002086        0xe c:/program files (x86)/atmel/studio/7.0/toolchain/avr8/avr8-gnu-toolchain/bin/../lib/gcc/avr/5.4.0/../../../../avr/lib/avr5\libm.a(addsf3.o)
                0x00002086                __subsf3
                0x00002088                __addsf3
 .text.avr-libc.fplib
                0x00002094       0xcc c:/program files (x86)/atmel/studio/7.0/toolchain/avr8/avr8-gnu-toolchain/bin/../lib/gcc/avr/5.4.0/../../../../avr/lib/avr5\libm.a(addsf3x.o)
                0x000020b6                __addsf3x
 .text.avr-libc.fplib
                0x00002160       0x7a c:/program files (x86)/atmel/studio/7.0/toolchain/avr8/avr8-gnu-toolchain/bin/../lib/gcc/avr/5.4.0/../../../../avr/lib/avr5\libm.a(floatsisf.o)
                0x00002160                __floatunsisf
                0x00002164                __floatsisf
 .text.avr-libc.fplib
                0x000021da        0xc c:/program files (x86)/atmel/studio/7.0/toolchain/avr8/avr8-gnu-toolchain/bin/../lib/gcc/avr/5.4.0/../../../../avr/lib/avr5\libm.a(fp_inf.o)
                0x000021da                __fp_inf
 .text.avr-libc.fplib
                0x000021e6        0x6 c:/program files (x86)/atmel/studio/7.0/toolchain/avr8/avr8-gnu-toolchain/bin/../lib/gcc/avr/5.4.0/../../../../avr/lib/avr5\libm.a(fp_nan.o)
                0x000021e6                __fp_nan
 .text.avr-libc.fplib
                0x000021ec        0xe c:/program files (x86)/atmel/studio/7.0/toolchain/avr8/avr8-gnu-toolchain/bin/../lib/gcc/avr/5.4.0/../../../../avr/lib/avr5\libm.a(fp_pscA.o)
                0x000021ec                __fp_pscA
 .text.avr-libc.fplib
                0x000021fa        0xe c:/program files (x86)/atmel/studio/7.0/toolchain/avr8/avr8-gnu-toolchain/bin/../lib/gcc/avr/5.4.0/../../../../avr/lib/avr5\libm.a(fp_pscB.o)
                0x000021fa                __fp_pscB
 .text.avr-libc.fplib
                0x00002208       0x22 c:/program files (x86)/atmel/studio/7.0/toolchain/avr8/avr8-gnu-toolchain/bin/../lib/gcc/avr/5.4.0/../../../../avr/lib/avr5\libm.a(fp_round.o)
                0x00002208                __fp_round
 .text.avr-libc.fplib
                0x0000222a       0x44 c:/program files (x86)/atmel/studio/7.0/toolchain/avr8/avr8-gnu-toolchain/bin/../lib/gcc/avr/5.4.0/../../../../avr/lib/avr5\libm.a(fp_split3.o)
                0x0000222a                __fp_split3
                0x0000223a                __fp_splitA
 .text.avr-libc.fplib
                0x0000226e        0xe c:/program files (x86)/atmel/studio/7.0/toolchain/avr8/avr8-gnu-toolchain/bin/../lib/gcc/avr/5.4.0/../../../../avr/lib/avr5\libm.a(fp_zero.o)
                0x0000226e                __fp_zero
                0x00002270                __fp_szero
 .text.avr-libc.fplib
                0x0000227c        0x8 c:/program files (x86)/atmel/studio/7.0/toolchain/avr8/avr8-gnu-toolchain/bin/../lib/gcc/avr/5.4.0/../../../../avr/lib/avr5\libm.a(mulsf3.o)
                0x0000227c                __mulsf3
 .text.avr-libc.fplib
                0x00002284       0xd2 c:/program files (x86)/atmel/studio/7.0/toolchain/avr8/avr8-gnu-toolchain/bin/../lib/gcc/avr/5.4.0/../../../../avr/lib/avr5\libm.a(mulsf3x.o)
                0x000022a2                __mulsf3x
                0x000022a8                __mulsf3_pse
 .text.avr-libc
                0x00002356      0x6fa c:/program files (x86)/atmel/studio/7.0/toolchain/avr8/avr8-gnu-toolchain/bin/../lib/gcc/avr/5.4.0/../../../../avr/lib/avr5\libprintf_flt.a(vfprintf_flt.o)
                0x00002356                vfprintf
 .text.libgcc.prologue
                0x00002a50       0x38 c:/program files (x86)/atmel/studio/7.0/toolchain/avr8/avr8-gnu-toolchain/bin/../lib/gcc/avr/5.4.0/avr5\libgcc.a(_prologue.o)
                0x00002a50                __prologue_saves__
 .text.libgcc.prologue
                0x00002a88       0x36 c:/program files (x86)/atmel/studio/7.0/toolchain/avr8/avr8-gnu-toolchain/bin/../lib/gcc/avr/5.4.0/avr5\libgcc.a(_epilogue.o)
                0x00002a88                __epilogue_restores__
 .text.avr-libc
                0x00002abe      0x1b0 c:/program files (x86)/atmel/studio/7.0/toolchain/avr8/avr8-gnu-toolchain/bin/../lib/gcc/avr/5.4.0/../../../../avr/lib/avr5\libc.a(ftoa_engine.o)
                0x00002abe                __ftoa_engine
 .text.avr-libc
                0x00002c6e       0x16 c:/program files (x86)/atmel/studio/7.0/toolchain/avr8/avr8-gnu-toolchain/bin/../lib/gcc/avr/5.4.0/../../../../avr/lib/avr5\libc.a(strnlen_P.o)
                0x00002c6e                strnlen_P
 .text.avr-libc
                0x00002c84       0x12 c:/program files (x86)/atmel/studio/7.0/toolchain/avr8/avr8-gnu-toolchain/bin/../lib/gcc/avr/5.4.0/../../../../avr/lib/avr5\libc.a(memcpy.o)
                0x00002c84                memcpy
 .text.avr-libc
                0x00002c96       0x1e c:/program files (x86)/atmel/studio/7.0/toolchain/avr8/avr8-gnu-toolchain/bin/../lib/gcc/avr/5.4.0/../../../../avr/lib/avr5\libc.a(strncpy.o)
                0x00002c96                strncpy
 .text.avr-libc
                0x00002cb4       0x16 c:/program files (x86)/atmel/studio/7.0/toolchain/avr8/avr8-gnu-toolchain/bin/../lib/gcc/avr/5.4.0/../../../../avr/lib/avr5\libc.a(strnlen.o)
                0x00002cb4                strnlen
 .text.avr-libc
                0x00002cca       0x78 c:/program files (x86)/atmel/studio/7.0/toolchain/avr8/avr8-gnu-toolchain/bin/../lib/gcc/avr/5.4.0/../../../../avr/lib/avr5\libc.a(fputc.o)
                0x00002cca                fputc
 .text.avr-libc
                0x00002d42       0x44 c:/program files (x86)/atmel/studio/7.0/toolchain/avr8/avr8-gnu-toolchain/bin/../lib/gcc/avr/5.4.0/../../../../avr/lib/avr5\libc.a(sprintf.o)
                0x00002d42                sprintf
 .text.avr-libc
                0x00002d86       0xbc c:/program files (x86)/atmel/studio/7.0/toolchain/avr8/avr8-gnu-toolchain/bin/../lib/gcc/avr/5.4.0/../../../../avr/lib/avr5\libc.a(ultoa_invert.o)
                0x00002d86                __ultoa_invert
                0x00002e42                . = ALIGN (0x2)
 *(.fini9)
 .fini9         0x00002e42        0x0 c:/program files (x86)/atmel/studio/7.0/toolchain/avr8/avr8-gnu-toolchain/bin/../lib/gcc/avr/5.4.0/avr5\libgcc.a(_exit.o)
                0x00002e42                _exit
                0x00002e42                exit
 *(.fini9)
 *(.fini8)
 *(.fini8)
 *(.fini7)
 *(.fini7)
 *(.fini6)
 *(.fini6)
 *(.fini5)
 *(.fini5)
 *(.fini4)
 *(.fini4)
 *(.fini3)
 *(.fini3)
 *(.fini2)
 *(.fini2)
 *(.fini1)
 *(.fini1)
 *(.fini0)
 .fini0         0x00002e42        0x4 c:/program files (x86)/atmel/studio/7.0/toolchain/avr8/avr8-gnu-toolchain/bin/../lib/gcc/avr/5.4.0/avr5\libgcc.a(_exit.o)
 *(.fini0)
                0x00002e46                _etext = .

.data           0x00800100       0x72 load address 0x00002e46
                0x00800100                PROVIDE (__data_start, .)
 *(.data)
 *(.data*)
 .data.xNextTaskUnblockTime
                0x00800100        0x2 freertos/tasks.o
 *(.gnu.linkonce.d*)
 *(.rodata)
 *(.rodata*)
 .rodata.str1.1
                0x00800102        0x5 freertos/tasks.o
 .rodata.str1.1
                0x00800107       0x25 main.o
 .rodata.twi_eventTable
                0x0080012c       0x20 mcc/src/twi.o
                0x0080012c                twi_eventTable
 .rodata.I2C0_Host
                0x0080014c       0x14 mcc/src/twi.o
                0x0080014c                I2C0_Host
 .rodata.str1.1
                0x00800160        0x6 src/AHT21_controller/AHT21_controller.o
 .rodata.str1.1
                0x00800166        0xc tasks/display/display.o
                                 0x1e (size before relaxing)
 *(.gnu.linkonce.r*)
                0x00800172                . = ALIGN (0x2)
                0x00800172                _edata = .
                0x00800172                PROVIDE (__data_end, .)

.bss            0x00800172      0x706
                0x00800172                PROVIDE (__bss_start, .)
 *(.bss)
 *(.bss*)
 .bss.pucAlignedHeap.2010
                0x00800172        0x2 freertos/portable/MemMang/heap_1.o
 .bss.xNextFreeByte
                0x00800174        0x2 freertos/portable/MemMang/heap_1.o
 .bss.ucHeap    0x00800176      0x5dc freertos/portable/MemMang/heap_1.o
 .bss.uxSchedulerSuspended
                0x00800752        0x1 freertos/tasks.o
 .bss.uxTaskNumber
                0x00800753        0x1 freertos/tasks.o
 .bss.xNumOfOverflows
                0x00800754        0x1 freertos/tasks.o
 .bss.xYieldPending
                0x00800755        0x1 freertos/tasks.o
 .bss.uxPendedTicks
                0x00800756        0x1 freertos/tasks.o
 .bss.xSchedulerRunning
                0x00800757        0x1 freertos/tasks.o
 .bss.uxTopReadyPriority
                0x00800758        0x1 freertos/tasks.o
 .bss.xTickCount
                0x00800759        0x2 freertos/tasks.o
 .bss.uxCurrentNumberOfTasks
                0x0080075b        0x1 freertos/tasks.o
 .bss.uxTasksDeleted
                0x0080075c        0x1 freertos/tasks.o
 .bss.xTasksWaitingTermination
                0x0080075d        0x9 freertos/tasks.o
 .bss.xPendingReadyList
                0x00800766        0x9 freertos/tasks.o
 .bss.pxOverflowDelayedTaskList
                0x0080076f        0x2 freertos/tasks.o
 .bss.pxDelayedTaskList
                0x00800771        0x2 freertos/tasks.o
 .bss.xDelayedTaskList2
                0x00800773        0x9 freertos/tasks.o
 .bss.xDelayedTaskList1
                0x0080077c        0x9 freertos/tasks.o
 .bss.pxReadyTasksLists
                0x00800785       0x24 freertos/tasks.o
 .bss.pxCurrentTCB
                0x008007a9        0x2 freertos/tasks.o
                0x008007a9                pxCurrentTCB
 .bss.display_task_handle.2807
                0x008007ab        0x2 main.o
 .bss.display_task_args.2806
                0x008007ad        0x4 main.o
 .bss.twi_Status
                0x008007b1        0xd mcc/src/twi.o
                0x008007b1                twi_Status
 .bss.queue_local_buffer.2494
                0x008007be        0x5 tasks/display/display.o
 .bss.active_menu_pointer.2491
                0x008007c3        0x2 tasks/display/display.o
 .bss.test_item.2493
                0x008007c5       0x59 tasks/display/display.o
 .bss.unit_temp_item.2492
                0x0080081e       0x59 tasks/display/display.o
 *(COMMON)
 COMMON         0x00800877        0x1 main.o
                0x00800877                powerOnReset
                0x00800878                PROVIDE (__bss_end, .)
                0x00002e46                __data_load_start = LOADADDR (.data)
                0x00002eb8                __data_load_end = (__data_load_start + SIZEOF (.data))

.noinit         0x00800878        0x0
                [!provide]                PROVIDE (__noinit_start, .)
 *(.noinit*)
                [!provide]                PROVIDE (__noinit_end, .)
                0x00800878                _end = .
                [!provide]                PROVIDE (__heap_start, .)

.eeprom         0x00810000        0x0
 *(.eeprom*)
                0x00810000                __eeprom_end = .

.fuse           0x00820000        0x3
 *(.fuse)
 .fuse          0x00820000        0x3 mcc/src/config_bits.o
                0x00820000                __fuse
 *(.lfuse)
 *(.hfuse)
 *(.efuse)

.lock
 *(.lock*)

.signature
 *(.signature*)

.user_signatures
 *(.user_signatures*)

.stab
 *(.stab)

.stabstr
 *(.stabstr)

.stab.excl
 *(.stab.excl)

.stab.exclstr
 *(.stab.exclstr)

.stab.index
 *(.stab.index)

.stab.indexstr
 *(.stab.indexstr)

.comment        0x00000000       0x5c
 *(.comment)
 .comment       0x00000000       0x30 freertos/list.o
                                 0x31 (size before relaxing)
 .comment       0x00000030       0x31 freertos/portable/GCC/ATMega328/port.o
 .comment       0x00000030       0x31 freertos/portable/MemMang/heap_1.o
 .comment       0x00000030       0x31 freertos/queue.o
 .comment       0x00000030       0x31 freertos/tasks.o
 .comment       0x00000030       0x31 main.o
 .comment       0x00000030       0x31 mcc/src/config_bits.o
 .comment       0x00000030       0x31 mcc/src/pins.o
 .comment       0x00000030       0x31 mcc/src/system.o
 .comment       0x00000030       0x31 mcc/src/twi.o
 .comment       0x00000030       0x31 src/AHT21_controller/AHT21_controller.o
 .comment       0x00000030       0x31 src/LCD_controller/LCD_controller.o
 .comment       0x00000030       0x31 src/twi_interface/mcc_twi_interface.o
 .comment       0x00000030       0x31 tasks/display/display.o
 .comment       0x00000030       0x31 tasks/display/menu_structs.o
 .comment       0x00000030       0x31 tasks/idle/idle.o
 .comment       0x00000030       0x2c c:/program files (x86)/atmel/studio/7.0/toolchain/avr8/avr8-gnu-toolchain/bin/../lib/gcc/avr/5.4.0/../../../../avr/lib/avr5\libprintf_flt.a(vfprintf_flt.o)
                                 0x2d (size before relaxing)
 .comment       0x0000005c       0x31 c:/program files (x86)/atmel/studio/7.0/toolchain/avr8/avr8-gnu-toolchain/bin/../lib/gcc/avr/5.4.0/../../../../avr/lib/avr5\libc.a(fputc.o)
 .comment       0x0000005c       0x31 c:/program files (x86)/atmel/studio/7.0/toolchain/avr8/avr8-gnu-toolchain/bin/../lib/gcc/avr/5.4.0/../../../../avr/lib/avr5\libc.a(sprintf.o)

.note.gnu.avr.deviceinfo
                0x00000000       0x40
 .note.gnu.avr.deviceinfo
                0x00000000       0x40 C:/Program Files (x86)/Atmel/Studio/7.0/Packs/atmel/ATmega_DFP/1.7.374/gcc/dev/atmega328p/avr5/crtatmega328p.o

.note.gnu.build-id
 *(.note.gnu.build-id)

.debug
 *(.debug)

.line
 *(.line)

.debug_srcinfo
 *(.debug_srcinfo)

.debug_sfnames
 *(.debug_sfnames)

.debug_aranges  0x00000000      0x5e0
 *(.debug_aranges)
 .debug_aranges
                0x00000000       0x40 freertos/list.o
 .debug_aranges
                0x00000040       0x50 freertos/portable/GCC/ATMega328/port.o
 .debug_aranges
                0x00000090       0x38 freertos/portable/MemMang/heap_1.o
 .debug_aranges
                0x000000c8       0xb8 freertos/queue.o
 .debug_aranges
                0x00000180      0x158 freertos/tasks.o
 .debug_aranges
                0x000002d8       0x20 main.o
 .debug_aranges
                0x000002f8       0x18 mcc/src/config_bits.o
 .debug_aranges
                0x00000310       0x20 mcc/src/pins.o
 .debug_aranges
                0x00000330       0x20 mcc/src/system.o
 .debug_aranges
                0x00000350      0x128 mcc/src/twi.o
 .debug_aranges
                0x00000478       0x28 src/AHT21_controller/AHT21_controller.o
 .debug_aranges
                0x000004a0       0x70 src/LCD_controller/LCD_controller.o
 .debug_aranges
                0x00000510       0x30 src/twi_interface/mcc_twi_interface.o
 .debug_aranges
                0x00000540       0x30 tasks/display/display.o
 .debug_aranges
                0x00000570       0x50 tasks/display/menu_structs.o
 .debug_aranges
                0x000005c0       0x20 tasks/idle/idle.o

.debug_pubnames
 *(.debug_pubnames)

.debug_info     0x00000000     0x5f4a
 *(.debug_info .gnu.linkonce.wi.*)
 .debug_info    0x00000000      0x5f4 C:/Program Files (x86)/Atmel/Studio/7.0/Packs/atmel/ATmega_DFP/1.7.374/gcc/dev/atmega328p/avr5/crtatmega328p.o
 .debug_info    0x000005f4      0x2c6 freertos/list.o
 .debug_info    0x000008ba      0x24d freertos/portable/GCC/ATMega328/port.o
 .debug_info    0x00000b07      0x1a4 freertos/portable/MemMang/heap_1.o
 .debug_info    0x00000cab      0xfb0 freertos/queue.o
 .debug_info    0x00001c5b     0x1927 freertos/tasks.o
 .debug_info    0x00003582      0x60e main.o
 .debug_info    0x00003b90       0xa6 mcc/src/config_bits.o
 .debug_info    0x00003c36       0x82 mcc/src/pins.o
 .debug_info    0x00003cb8       0xb7 mcc/src/system.o
 .debug_info    0x00003d6f      0xb67 mcc/src/twi.o
 .debug_info    0x000048d6      0x32f src/AHT21_controller/AHT21_controller.o
 .debug_info    0x00004c05      0x651 src/LCD_controller/LCD_controller.o
 .debug_info    0x00005256      0x415 src/twi_interface/mcc_twi_interface.o
 .debug_info    0x0000566b      0x5f5 tasks/display/display.o
 .debug_info    0x00005c60      0x2aa tasks/display/menu_structs.o
 .debug_info    0x00005f0a       0x40 tasks/idle/idle.o

.debug_abbrev   0x00000000     0x19e0
 *(.debug_abbrev)
 .debug_abbrev  0x00000000      0x5a2 C:/Program Files (x86)/Atmel/Studio/7.0/Packs/atmel/ATmega_DFP/1.7.374/gcc/dev/atmega328p/avr5/crtatmega328p.o
 .debug_abbrev  0x000005a2       0xf8 freertos/list.o
 .debug_abbrev  0x0000069a      0x150 freertos/portable/GCC/ATMega328/port.o
 .debug_abbrev  0x000007ea      0x11c freertos/portable/MemMang/heap_1.o
 .debug_abbrev  0x00000906      0x1f6 freertos/queue.o
 .debug_abbrev  0x00000afc      0x2b4 freertos/tasks.o
 .debug_abbrev  0x00000db0      0x1b6 main.o
 .debug_abbrev  0x00000f66       0x6f mcc/src/config_bits.o
 .debug_abbrev  0x00000fd5       0x4f mcc/src/pins.o
 .debug_abbrev  0x00001024       0x63 mcc/src/system.o
 .debug_abbrev  0x00001087      0x285 mcc/src/twi.o
 .debug_abbrev  0x0000130c      0x18f src/AHT21_controller/AHT21_controller.o
 .debug_abbrev  0x0000149b      0x133 src/LCD_controller/LCD_controller.o
 .debug_abbrev  0x000015ce      0x152 src/twi_interface/mcc_twi_interface.o
 .debug_abbrev  0x00001720      0x181 tasks/display/display.o
 .debug_abbrev  0x000018a1      0x111 tasks/display/menu_structs.o
 .debug_abbrev  0x000019b2       0x2e tasks/idle/idle.o

.debug_line     0x00000000     0x3615
 *(.debug_line .debug_line.* .debug_line_end)
 .debug_line    0x00000000      0x134 C:/Program Files (x86)/Atmel/Studio/7.0/Packs/atmel/ATmega_DFP/1.7.374/gcc/dev/atmega328p/avr5/crtatmega328p.o
 .debug_line    0x00000134      0x209 freertos/list.o
 .debug_line    0x0000033d      0x2cf freertos/portable/GCC/ATMega328/port.o
 .debug_line    0x0000060c      0x1cb freertos/portable/MemMang/heap_1.o
 .debug_line    0x000007d7      0x8c9 freertos/queue.o
 .debug_line    0x000010a0      0xf3f freertos/tasks.o
 .debug_line    0x00001fdf      0x273 main.o
 .debug_line    0x00002252       0x9a mcc/src/config_bits.o
 .debug_line    0x000022ec       0xd7 mcc/src/pins.o
 .debug_line    0x000023c3       0x70 mcc/src/system.o
 .debug_line    0x00002433      0x797 mcc/src/twi.o
 .debug_line    0x00002bca      0x1fd src/AHT21_controller/AHT21_controller.o
 .debug_line    0x00002dc7      0x2c4 src/LCD_controller/LCD_controller.o
 .debug_line    0x0000308b      0x208 src/twi_interface/mcc_twi_interface.o
 .debug_line    0x00003293      0x1fd tasks/display/display.o
 .debug_line    0x00003490      0x143 tasks/display/menu_structs.o
 .debug_line    0x000035d3       0x42 tasks/idle/idle.o

.debug_frame    0x00000000      0xedc
 *(.debug_frame)
 .debug_frame   0x00000000       0x88 freertos/list.o
 .debug_frame   0x00000088       0x84 freertos/portable/GCC/ATMega328/port.o
 .debug_frame   0x0000010c       0x60 freertos/portable/MemMang/heap_1.o
 .debug_frame   0x0000016c      0x24c freertos/queue.o
 .debug_frame   0x000003b8      0x4f4 freertos/tasks.o
 .debug_frame   0x000008ac       0x34 main.o
 .debug_frame   0x000008e0       0x24 mcc/src/pins.o
 .debug_frame   0x00000904       0x24 mcc/src/system.o
 .debug_frame   0x00000928      0x2bc mcc/src/twi.o
 .debug_frame   0x00000be4       0x80 src/AHT21_controller/AHT21_controller.o
 .debug_frame   0x00000c64      0x10c src/LCD_controller/LCD_controller.o
 .debug_frame   0x00000d70       0x50 src/twi_interface/mcc_twi_interface.o
 .debug_frame   0x00000dc0       0x74 tasks/display/display.o
 .debug_frame   0x00000e34       0x84 tasks/display/menu_structs.o
 .debug_frame   0x00000eb8       0x24 tasks/idle/idle.o

.debug_str      0x00000000     0x1ed4
 *(.debug_str)
 .debug_str     0x00000000      0x208 C:/Program Files (x86)/Atmel/Studio/7.0/Packs/atmel/ATmega_DFP/1.7.374/gcc/dev/atmega328p/avr5/crtatmega328p.o
 .debug_str     0x00000208      0x272 freertos/list.o
                                0x2b1 (size before relaxing)
 .debug_str     0x0000047a      0x151 freertos/portable/GCC/ATMega328/port.o
                                0x2cb (size before relaxing)
 .debug_str     0x000005cb       0xc7 freertos/portable/MemMang/heap_1.o
                                0x23c (size before relaxing)
 .debug_str     0x00000692      0x458 freertos/queue.o
                                0x711 (size before relaxing)
 .debug_str     0x00000aea      0x742 freertos/tasks.o
                                0xbf2 (size before relaxing)
 .debug_str     0x0000122c      0x1c0 main.o
                                0x39c (size before relaxing)
 .debug_str     0x000013ec       0x37 mcc/src/config_bits.o
                                0x18d (size before relaxing)
 .debug_str     0x00001423       0x29 mcc/src/pins.o
                                0x187 (size before relaxing)
 .debug_str     0x0000144c       0x23 mcc/src/system.o
                                0x1ad (size before relaxing)
 .debug_str     0x0000146f      0x56c mcc/src/twi.o
                                0x767 (size before relaxing)
 .debug_str     0x000019db       0x5c src/AHT21_controller/AHT21_controller.o
                                0x287 (size before relaxing)
 .debug_str     0x00001a37      0x180 src/LCD_controller/LCD_controller.o
                                0x364 (size before relaxing)
 .debug_str     0x00001bb7       0x72 src/twi_interface/mcc_twi_interface.o
                                0x2f3 (size before relaxing)
 .debug_str     0x00001c29      0x20a tasks/display/display.o
                                0x4c5 (size before relaxing)
 .debug_str     0x00001e33       0x8c tasks/display/menu_structs.o
                                0x27b (size before relaxing)
 .debug_str     0x00001ebf       0x15 tasks/idle/idle.o
                                0x119 (size before relaxing)

.debug_loc      0x00000000     0x4268
 *(.debug_loc)
 .debug_loc     0x00000000      0x145 freertos/list.o
 .debug_loc     0x00000145      0x293 freertos/portable/GCC/ATMega328/port.o
 .debug_loc     0x000003d8       0xf1 freertos/portable/MemMang/heap_1.o
 .debug_loc     0x000004c9     0x119a freertos/queue.o
 .debug_loc     0x00001663     0x1bf9 freertos/tasks.o
 .debug_loc     0x0000325c       0xd7 main.o
 .debug_loc     0x00003333      0x47e mcc/src/twi.o
 .debug_loc     0x000037b1      0x25b src/AHT21_controller/AHT21_controller.o
 .debug_loc     0x00003a0c      0x3b0 src/LCD_controller/LCD_controller.o
 .debug_loc     0x00003dbc      0x1c1 src/twi_interface/mcc_twi_interface.o
 .debug_loc     0x00003f7d      0x189 tasks/display/display.o
 .debug_loc     0x00004106      0x162 tasks/display/menu_structs.o

.debug_macinfo
 *(.debug_macinfo)

.debug_weaknames
 *(.debug_weaknames)

.debug_funcnames
 *(.debug_funcnames)

.debug_typenames
 *(.debug_typenames)

.debug_varnames
 *(.debug_varnames)

.debug_pubtypes
 *(.debug_pubtypes)

.debug_ranges   0x00000000      0x510
 *(.debug_ranges)
 .debug_ranges  0x00000000       0x30 freertos/list.o
 .debug_ranges  0x00000030       0x40 freertos/portable/GCC/ATMega328/port.o
 .debug_ranges  0x00000070       0x28 freertos/portable/MemMang/heap_1.o
 .debug_ranges  0x00000098       0xa8 freertos/queue.o
 .debug_ranges  0x00000140      0x180 freertos/tasks.o
 .debug_ranges  0x000002c0       0x10 main.o
 .debug_ranges  0x000002d0       0x10 mcc/src/pins.o
 .debug_ranges  0x000002e0       0x10 mcc/src/system.o
 .debug_ranges  0x000002f0      0x118 mcc/src/twi.o
 .debug_ranges  0x00000408       0x18 src/AHT21_controller/AHT21_controller.o
 .debug_ranges  0x00000420       0x60 src/LCD_controller/LCD_controller.o
 .debug_ranges  0x00000480       0x20 src/twi_interface/mcc_twi_interface.o
 .debug_ranges  0x000004a0       0x20 tasks/display/display.o
 .debug_ranges  0x000004c0       0x40 tasks/display/menu_structs.o
 .debug_ranges  0x00000500       0x10 tasks/idle/idle.o

.debug_macro
 *(.debug_macro)
OUTPUT(iot_testbench.elf elf32-avr)
LOAD linker stubs
